Archive member included to satisfy reference by file (symbol)

C:/ST/STM32CubeCLT_1.17.0/GNU-tools-for-STM32/13.3.1+st.9/bin/../lib/gcc/arm-none-eabi/13.3.1/../../../../arm-none-eabi/lib/thumb/v7e-m+fp/hard\libc_nano.a(libc_a-exit.o)
                              C:/ST/STM32CubeCLT_1.17.0/GNU-tools-for-STM32/13.3.1+st.9/bin/../lib/gcc/arm-none-eabi/13.3.1/../../../../arm-none-eabi/lib/thumb/v7e-m+fp/hard/crt0.o (exit)
C:/ST/STM32CubeCLT_1.17.0/GNU-tools-for-STM32/13.3.1+st.9/bin/../lib/gcc/arm-none-eabi/13.3.1/../../../../arm-none-eabi/lib/thumb/v7e-m+fp/hard\libc_nano.a(libc_a-findfp.o)
                              C:/ST/STM32CubeCLT_1.17.0/GNU-tools-for-STM32/13.3.1+st.9/bin/../lib/gcc/arm-none-eabi/13.3.1/../../../../arm-none-eabi/lib/thumb/v7e-m+fp/hard\libc_nano.a(libc_a-exit.o) (__stdio_exit_handler)
C:/ST/STM32CubeCLT_1.17.0/GNU-tools-for-STM32/13.3.1+st.9/bin/../lib/gcc/arm-none-eabi/13.3.1/../../../../arm-none-eabi/lib/thumb/v7e-m+fp/hard\libc_nano.a(libc_a-fwalk.o)
                              C:/ST/STM32CubeCLT_1.17.0/GNU-tools-for-STM32/13.3.1+st.9/bin/../lib/gcc/arm-none-eabi/13.3.1/../../../../arm-none-eabi/lib/thumb/v7e-m+fp/hard\libc_nano.a(libc_a-findfp.o) (_fwalk_sglue)
C:/ST/STM32CubeCLT_1.17.0/GNU-tools-for-STM32/13.3.1+st.9/bin/../lib/gcc/arm-none-eabi/13.3.1/../../../../arm-none-eabi/lib/thumb/v7e-m+fp/hard\libc_nano.a(libc_a-stdio.o)
                              C:/ST/STM32CubeCLT_1.17.0/GNU-tools-for-STM32/13.3.1+st.9/bin/../lib/gcc/arm-none-eabi/13.3.1/../../../../arm-none-eabi/lib/thumb/v7e-m+fp/hard\libc_nano.a(libc_a-findfp.o) (__sread)
C:/ST/STM32CubeCLT_1.17.0/GNU-tools-for-STM32/13.3.1+st.9/bin/../lib/gcc/arm-none-eabi/13.3.1/../../../../arm-none-eabi/lib/thumb/v7e-m+fp/hard\libc_nano.a(libc_a-memset.o)
                              C:/ST/STM32CubeCLT_1.17.0/GNU-tools-for-STM32/13.3.1+st.9/bin/../lib/gcc/arm-none-eabi/13.3.1/../../../../arm-none-eabi/lib/thumb/v7e-m+fp/hard/crt0.o (memset)
C:/ST/STM32CubeCLT_1.17.0/GNU-tools-for-STM32/13.3.1+st.9/bin/../lib/gcc/arm-none-eabi/13.3.1/../../../../arm-none-eabi/lib/thumb/v7e-m+fp/hard\libc_nano.a(libc_a-closer.o)
                              C:/ST/STM32CubeCLT_1.17.0/GNU-tools-for-STM32/13.3.1+st.9/bin/../lib/gcc/arm-none-eabi/13.3.1/../../../../arm-none-eabi/lib/thumb/v7e-m+fp/hard\libc_nano.a(libc_a-stdio.o) (_close_r)
C:/ST/STM32CubeCLT_1.17.0/GNU-tools-for-STM32/13.3.1+st.9/bin/../lib/gcc/arm-none-eabi/13.3.1/../../../../arm-none-eabi/lib/thumb/v7e-m+fp/hard\libc_nano.a(libc_a-reent.o)
                              C:/ST/STM32CubeCLT_1.17.0/GNU-tools-for-STM32/13.3.1+st.9/bin/../lib/gcc/arm-none-eabi/13.3.1/../../../../arm-none-eabi/lib/thumb/v7e-m+fp/hard\libc_nano.a(libc_a-closer.o) (errno)
C:/ST/STM32CubeCLT_1.17.0/GNU-tools-for-STM32/13.3.1+st.9/bin/../lib/gcc/arm-none-eabi/13.3.1/../../../../arm-none-eabi/lib/thumb/v7e-m+fp/hard\libc_nano.a(libc_a-impure.o)
                              C:/ST/STM32CubeCLT_1.17.0/GNU-tools-for-STM32/13.3.1+st.9/bin/../lib/gcc/arm-none-eabi/13.3.1/../../../../arm-none-eabi/lib/thumb/v7e-m+fp/hard\libc_nano.a(libc_a-reent.o) (_impure_ptr)
C:/ST/STM32CubeCLT_1.17.0/GNU-tools-for-STM32/13.3.1+st.9/bin/../lib/gcc/arm-none-eabi/13.3.1/../../../../arm-none-eabi/lib/thumb/v7e-m+fp/hard\libc_nano.a(libc_a-lseekr.o)
                              C:/ST/STM32CubeCLT_1.17.0/GNU-tools-for-STM32/13.3.1+st.9/bin/../lib/gcc/arm-none-eabi/13.3.1/../../../../arm-none-eabi/lib/thumb/v7e-m+fp/hard\libc_nano.a(libc_a-stdio.o) (_lseek_r)
C:/ST/STM32CubeCLT_1.17.0/GNU-tools-for-STM32/13.3.1+st.9/bin/../lib/gcc/arm-none-eabi/13.3.1/../../../../arm-none-eabi/lib/thumb/v7e-m+fp/hard\libc_nano.a(libc_a-readr.o)
                              C:/ST/STM32CubeCLT_1.17.0/GNU-tools-for-STM32/13.3.1+st.9/bin/../lib/gcc/arm-none-eabi/13.3.1/../../../../arm-none-eabi/lib/thumb/v7e-m+fp/hard\libc_nano.a(libc_a-stdio.o) (_read_r)
C:/ST/STM32CubeCLT_1.17.0/GNU-tools-for-STM32/13.3.1+st.9/bin/../lib/gcc/arm-none-eabi/13.3.1/../../../../arm-none-eabi/lib/thumb/v7e-m+fp/hard\libc_nano.a(libc_a-writer.o)
                              C:/ST/STM32CubeCLT_1.17.0/GNU-tools-for-STM32/13.3.1+st.9/bin/../lib/gcc/arm-none-eabi/13.3.1/../../../../arm-none-eabi/lib/thumb/v7e-m+fp/hard\libc_nano.a(libc_a-stdio.o) (_write_r)
C:/ST/STM32CubeCLT_1.17.0/GNU-tools-for-STM32/13.3.1+st.9/bin/../lib/gcc/arm-none-eabi/13.3.1/../../../../arm-none-eabi/lib/thumb/v7e-m+fp/hard\libc_nano.a(libc_a-init.o)
                              C:/ST/STM32CubeCLT_1.17.0/GNU-tools-for-STM32/13.3.1+st.9/bin/../lib/gcc/arm-none-eabi/13.3.1/../../../../arm-none-eabi/lib/thumb/v7e-m+fp/hard/crt0.o (__libc_init_array)
C:/ST/STM32CubeCLT_1.17.0/GNU-tools-for-STM32/13.3.1+st.9/bin/../lib/gcc/arm-none-eabi/13.3.1/../../../../arm-none-eabi/lib/thumb/v7e-m+fp/hard\libc_nano.a(libc_a-lock.o)
[...]
Memory Configuration

Name             Origin             Length             Attributes
RAM              0x20000000         0x00040000         xrw
FLASH            0x08000000         0x00080000         xr
*default*        0x00000000         0xffffffff

Linker script and memory map

LOAD C:/ST/STM32CubeCLT_1.17.0/GNU-tools-for-STM32/13.3.1+st.9/bin/../lib/gcc/arm-none-eabi/13.3.1/thumb/v7e-m+fp/hard/crti.o
LOAD C:/ST/STM32CubeCLT_1.17.0/GNU-tools-for-STM32/13.3.1+st.9/bin/../lib/gcc/arm-none-eabi/13.3.1/thumb/v7e-m+fp/hard/crtbegin.o
LOAD C:/ST/STM32CubeCLT_1.17.0/GNU-tools-for-STM32/13.3.1+st.9/bin/../lib/gcc/arm-none-eabi/13.3.1/../../../../arm-none-eabi/lib/thumb/v7e-m+fp/hard/crt0.o
START GROUP
LOAD C:/ST/STM32CubeCLT_1.17.0/GNU-tools-for-STM32/13.3.1+st.9/bin/../lib/gcc/arm-none-eabi/13.3.1/../../../../arm-none-eabi/lib/thumb/v7e-m+fp/hard\libc_nano.a
LOAD C:/ST/STM32CubeCLT_1.17.0/GNU-tools-for-STM32/13.3.1+st.9/bin/../lib/gcc/arm-none-eabi/13.3.1/../../../../arm-none-eabi/lib/thumb/v7e-m+fp/hard\libm.a
END GROUP
LOAD cmake/stm32cubemx/CMakeFiles/STM32_Drivers.dir/__/__/Core/Src/system_stm32f7xx.c.obj
LOAD cmake/stm32cubemx/CMakeFiles/STM32_Drivers.dir/__/__/Drivers/STM32F7xx_HAL_Driver/Src/stm32f7xx_hal_pcd.c.obj
LOAD cmake/stm32cubemx/CMakeFiles/STM32_Drivers.dir/__/__/Drivers/STM32F7xx_HAL_Driver/Src/stm32f7xx_hal_pcd_ex.c.obj
LOAD cmake/stm32cubemx/CMakeFiles/STM32_Drivers.dir/__/__/Drivers/STM32F7xx_HAL_Driver/Src/stm32f7xx_ll_usb.c.obj
LOAD cmake/stm32cubemx/CMakeFiles/STM32_Drivers.dir/__/__/Drivers/STM32F7xx_HAL_Driver/Src/stm32f7xx_hal_rcc.c.obj
LOAD cmake/stm32cubemx/CMakeFiles/STM32_Drivers.dir/__/__/Drivers/STM32F7xx_HAL_Driver/Src/stm32f7xx_hal_rcc_ex.c.obj
LOAD cmake/stm32cubemx/CMakeFiles/STM32_Drivers.dir/__/__/Drivers/STM32F7xx_HAL_Driver/Src/stm32f7xx_hal_flash.c.obj
LOAD cmake/stm32cubemx/CMakeFiles/STM32_Drivers.dir/__/__/Drivers/STM32F7xx_HAL_Driver/Src/stm32f7xx_hal_flash_ex.c.obj
LOAD cmake/stm32cubemx/CMakeFiles/STM32_Drivers.dir/__/__/Drivers/STM32F7xx_HAL_Driver/Src/stm32f7xx_hal_gpio.c.obj
LOAD cmake/stm32cubemx/CMakeFiles/STM32_Drivers.dir/__/__/Drivers/STM32F7xx_HAL_Driver/Src/stm32f7xx_hal_dma.c.obj
LOAD cmake/stm32cubemx/CMakeFiles/STM32_Drivers.dir/__/__/Drivers/STM32F7xx_HAL_Driver/Src/stm32f7xx_hal_dma_ex.c.obj
LOAD cmake/stm32cubemx/CMakeFiles/STM32_Drivers.dir/__/__/Drivers/STM32F7xx_HAL_Driver/Src/stm32f7xx_hal_pwr.c.obj
LOAD cmake/stm32cubemx/CMakeFiles/STM32_Drivers.dir/__/__/Drivers/STM32F7xx_HAL_Driver/Src/stm32f7xx_hal_pwr_ex.c.obj
LOAD cmake/stm32cubemx/CMakeFiles/STM32_Drivers.dir/__/__/Drivers/STM32F7xx_HAL_Driver/Src/stm32f7xx_hal_cortex.c.obj
LOAD cmake/stm32cubemx/CMakeFiles/STM32_Drivers.dir/__/__/Drivers/STM32F7xx_HAL_Driver/Src/stm32f7xx_hal.c.obj
LOAD cmake/stm32cubemx/CMakeFiles/STM32_Drivers.dir/__/__/Drivers/STM32F7xx_HAL_Driver/Src/stm32f7xx_hal_i2c.c.obj
LOAD cmake/stm32cubemx/CMakeFiles/STM32_Drivers.dir/__/__/Drivers/STM32F7xx_HAL_Driver/Src/stm32f7xx_hal_i2c_ex.c.obj
LOAD cmake/stm32cubemx/CMakeFiles/STM32_Drivers.dir/__/__/Drivers/STM32F7xx_HAL_Driver/Src/stm32f7xx_hal_exti.c.obj
LOAD cmake/stm32cubemx/CMakeFiles/STM32_Drivers.dir/__/__/Drivers/STM32F7xx_HAL_Driver/Src/stm32f7xx_hal_crc.c.obj
LOAD cmake/stm32cubemx/CMakeFiles/STM32_Drivers.dir/__/__/Drivers/STM32F7xx_HAL_Driver/Src/stm32f7xx_hal_crc_ex.c.obj
LOAD cmake/stm32cubemx/CMakeFiles/STM32_Drivers.dir/__/__/Drivers/STM32F7xx_HAL_Driver/Src/stm32f7xx_hal_iwdg.c.obj
LOAD cmake/stm32cubemx/CMakeFiles/STM32_Drivers.dir/__/__/Drivers/STM32F7xx_HAL_Driver/Src/stm32f7xx_hal_spi.c.obj
LOAD cmake/stm32cubemx/CMakeFiles/STM32_Drivers.dir/__/__/Drivers/STM32F7xx_HAL_Driver/Src/stm32f7xx_hal_spi_ex.c.obj
LOAD cmake/stm32cubemx/CMakeFiles/STM32_Drivers.dir/__/__/Drivers/STM32F7xx_HAL_Driver/Src/stm32f7xx_hal_tim.c.obj
LOAD cmake/stm32cubemx/CMakeFiles/STM32_Drivers.dir/__/__/Drivers/STM32F7xx_HAL_Driver/Src/stm32f7xx_hal_tim_ex.c.obj
LOAD cmake/stm32cubemx/CMakeFiles/STM32_Drivers.dir/__/__/Drivers/STM32F7xx_HAL_Driver/Src/stm32f7xx_hal_uart.c.obj
LOAD cmake/stm32cubemx/CMakeFiles/STM32_Drivers.dir/__/__/Drivers/STM32F7xx_HAL_Driver/Src/stm32f7xx_hal_uart_ex.c.obj
LOAD cmake/stm32cubemx/CMakeFiles/USB_Device_Library.dir/__/__/Middlewares/ST/STM32_USB_Device_Library/Core/Src/usbd_core.c.obj
LOAD cmake/stm32cubemx/CMakeFiles/USB_Device_Library.dir/__/__/Middlewares/ST/STM32_USB_Device_Library/Core/Src/usbd_ctlreq.c.obj
LOAD cmake/stm32cubemx/CMakeFiles/USB_Device_Library.dir/__/__/Middlewares/ST/STM32_USB_Device_Library/Core/Src/usbd_ioreq.c.obj
LOAD cmake/stm32cubemx/CMakeFiles/USB_Device_Library.dir/__/__/Middlewares/ST/STM32_USB_Device_Library/Class/CDC/Src/usbd_cdc.c.obj
LOAD CMakeFiles/TheBox_V3_0.dir/USB_DEVICE/Target/usbd_conf.c.obj
LOAD CMakeFiles/TheBox_V3_0.dir/USB_DEVICE/App/usb_device.c.obj
LOAD CMakeFiles/TheBox_V3_0.dir/USB_DEVICE/App/usbd_desc.c.obj
LOAD CMakeFiles/TheBox_V3_0.dir/USB_DEVICE/App/usbd_cdc_if.c.obj
LOAD CMakeFiles/TheBox_V3_0.dir/Core/Src/main.c.obj
LOAD CMakeFiles/TheBox_V3_0.dir/Core/Src/stm32f7xx_it.c.obj
LOAD CMakeFiles/TheBox_V3_0.dir/Core/Src/stm32f7xx_hal_msp.c.obj
LOAD CMakeFiles/TheBox_V3_0.dir/Core/Src/sysmem.c.obj
LOAD CMakeFiles/TheBox_V3_0.dir/Core/Src/syscalls.c.obj
LOAD CMakeFiles/TheBox_V3_0.dir/startup_stm32f722xx.s.obj
LOAD CMakeFiles/TheBox_V3_0.dir/modbus_rtu/modbus_rtu.c.obj
LOAD CMakeFiles/TheBox_V3_0.dir/modbus_rtu/mag_sensor.c.obj
LOAD CMakeFiles/TheBox_V3_0.dir/ICM42688P/ICM42688P.c.obj
LOAD CMakeFiles/TheBox_V3_0.dir/usb_comm/usb_comm.c.obj
START GROUP
LOAD C:/ST/STM32CubeCLT_1.17.0/GNU-tools-for-STM32/13.3.1+st.9/bin/../lib/gcc/arm-none-eabi/13.3.1/thumb/v7e-m+fp/hard\libgcc.a
LOAD C:/ST/STM32CubeCLT_1.17.0/GNU-tools-for-STM32/13.3.1+st.9/bin/../lib/gcc/arm-none-eabi/13.3.1/../../../../arm-none-eabi/lib/thumb/v7e-m+fp/hard\libg_nano.a
LOAD C:/ST/STM32CubeCLT_1.17.0/GNU-tools-for-STM32/13.3.1+st.9/bin/../lib/gcc/arm-none-eabi/13.3.1/../../../../arm-none-eabi/lib/thumb/v7e-m+fp/hard\libc_nano.a
END GROUP
START GROUP
LOAD C:/ST/STM32CubeCLT_1.17.0/GNU-tools-for-STM32/13.3.1+st.9/bin/../lib/gcc/arm-none-eabi/13.3.1/thumb/v7e-m+fp/hard\libgcc.a
LOAD C:/ST/STM32CubeCLT_1.17.0/GNU-tools-for-STM32/13.3.1+st.9/bin/../lib/gcc/arm-none-eabi/13.3.1/../../../../arm-none-eabi/lib/thumb/v7e-m+fp/hard\libc_nano.a
END GROUP
LOAD C:/ST/STM32CubeCLT_1.17.0/GNU-tools-for-STM32/13.3.1+st.9/bin/../lib/gcc/arm-none-eabi/13.3.1/thumb/v7e-m+fp/hard/crtend.o
LOAD C:/ST/STM32CubeCLT_1.17.0/GNU-tools-for-STM32/13.3.1+st.9/bin/../lib/gcc/arm-none-eabi/13.3.1/thumb/v7e-m+fp/hard/crtn.o
                0x20040000                        _estack = (ORIGIN (RAM) + LENGTH (RAM))
                0x00002000                        _Min_Heap_Size = 0x2000
                0x00004000                        _Min_Stack_Size = 0x4000

.isr_vector     0x08000000      0x1e0
                0x08000000                        . = ALIGN (0x4)
 *(.isr_vector)
 .isr_vector    0x08000000      0x1e0 CMakeFiles/TheBox_V3_0.dir/startup_stm32f722xx.s.obj
                0x08000000                g_pfnVectors
                0x080001e0                        . = ALIGN (0x4)

.text           0x080001e0     0x7988
                0x080001e0                        . = ALIGN (0x4)
 *(.text)
 .text          0x080001e0       0x40 C:/ST/STM32CubeCLT_1.17.0/GNU-tools-for-STM32/13.3.1+st.9/bin/../lib/gcc/arm-none-eabi/13.3.1/thumb/v7e-m+fp/hard/crtbegin.o
 .text          0x08000220      0x378 C:/ST/STM32CubeCLT_1.17.0/GNU-tools-for-STM32/13.3.1+st.9/bin/../lib/gcc/arm-none-eabi/13.3.1/thumb/v7e-m+fp/hard\libgcc.a(_arm_addsubdf3.o)
                0x08000220                __aeabi_drsub
                0x08000228                __aeabi_dsub
                0x08000228                __subdf3
                0x0800022c                __aeabi_dadd
                0x0800022c                __adddf3
                0x080004a4                __floatunsidf
                0x080004a4                __aeabi_ui2d
                0x080004c4                __floatsidf
                0x080004c4                __aeabi_i2d
                0x080004e8                __aeabi_f2d
                0x080004e8                __extendsfdf2
                0x0800052c                __floatundidf
                0x0800052c                __aeabi_ul2d
                0x0800053c                __floatdidf
                0x0800053c                __aeabi_l2d
 .text          0x08000598      0x424 C:/ST/STM32CubeCLT_1.17.0/GNU-tools-for-STM32/13.3.1+st.9/bin/../lib/gcc/arm-none-eabi/13.3.1/thumb/v7e-m+fp/hard\libgcc.a(_arm_muldivdf3.o)
                0x08000598                __aeabi_dmul
                0x08000598                __muldf3
                0x080007ec                __divdf3
                0x080007ec                __aeabi_ddiv
 .text          0x080009bc       0xa0 C:/ST/STM32CubeCLT_1.17.0/GNU-tools-for-STM32/13.3.1+st.9/bin/../lib/gcc/arm-none-eabi/13.3.1/thumb/v7e-m+fp/hard\libgcc.a(_arm_truncdfsf2.o)
                0x080009bc                __truncdfsf2
                0x080009bc                __aeabi_d2f
 .text          0x08000a5c       0x30 C:/ST/STM32CubeCLT_1.17.0/GNU-tools-for-STM32/13.3.1+st.9/bin/../lib/gcc/arm-none-eabi/13.3.1/thumb/v7e-m+fp/hard\libgcc.a(_aeabi_uldivmod.o)
                0x08000a5c                __aeabi_uldivmod
 .text          0x08000a8c      0x2f8 C:/ST/STM32CubeCLT_1.17.0/GNU-tools-for-STM32/13.3.1+st.9/bin/../lib/gcc/arm-none-eabi/13.3.1/thumb/v7e-m+fp/hard\libgcc.a(_udivmoddi4.o)
                0x08000a8c                __udivmoddi4
 .text          0x08000d84        0x4 C:/ST/STM32CubeCLT_1.17.0/GNU-tools-for-STM32/13.3.1+st.9/bin/../lib/gcc/arm-none-eabi/13.3.1/thumb/v7e-m+fp/hard\libgcc.a(_dvmd_tls.o)
                0x08000d84                __aeabi_idiv0
                0x08000d84                __aeabi_ldiv0
 .text          0x08000d88       0x10 C:/ST/STM32CubeCLT_1.17.0/GNU-tools-for-STM32/13.3.1+st.9/bin/../lib/gcc/arm-none-eabi/13.3.1/../../../../arm-none-eabi/lib/thumb/v7e-m+fp/hard\libg_nano.a(libc_a-strlen.o)
                0x08000d88                strlen
 *(.text*)
 .text.memset   0x08000d98       0x10 C:/ST/STM32CubeCLT_1.17.0/GNU-tools-for-STM32/13.3.1+st.9/bin/../lib/gcc/arm-none-eabi/13.3.1/../../../../arm-none-eabi/lib/thumb/v7e-m+fp/hard\libc_nano.a(libc_a-memset.o)
                0x08000d98                memset
 .text.__libc_init_array
                0x08000da8       0x48 C:/ST/STM32CubeCLT_1.17.0/GNU-tools-for-STM32/13.3.1+st.9/bin/../lib/gcc/arm-none-eabi/13.3.1/../../../../arm-none-eabi/lib/thumb/v7e-m+fp/hard\libc_nano.a(libc_a-init.o)
                0x08000da8                __libc_init_array
 .text.__retarget_lock_acquire_recursive
                0x08000df0        0x2 C:/ST/STM32CubeCLT_1.17.0/GNU-tools-for-STM32/13.3.1+st.9/bin/../lib/gcc/arm-none-eabi/13.3.1/../../../../arm-none-eabi/lib/thumb/v7e-m+fp/hard\libc_nano.a(libc_a-lock.o)
                0x08000df0                __retarget_lock_acquire_recursive
 .text.__retarget_lock_release_recursive
                0x08000df2        0x2 C:/ST/STM32CubeCLT_1.17.0/GNU-tools-for-STM32/13.3.1+st.9/bin/../lib/gcc/arm-none-eabi/13.3.1/../../../../arm-none-eabi/lib/thumb/v7e-m+fp/hard\libc_nano.a(libc_a-lock.o)
                0x08000df2                __retarget_lock_release_recursive
 .text._free_r  0x08000df4       0x94 C:/ST/STM32CubeCLT_1.17.0/GNU-tools-for-STM32/13.3.1+st.9/bin/../lib/gcc/arm-none-eabi/13.3.1/../../../../arm-none-eabi/lib/thumb/v7e-m+fp/hard\libc_nano.a(libc_a-freer.o)
                0x08000df4                _free_r
 .text.sbrk_aligned
                0x08000e88       0x44 C:/ST/STM32CubeCLT_1.17.0/GNU-tools-for-STM32/13.3.1+st.9/bin/../lib/gcc/arm-none-eabi/13.3.1/../../../../arm-none-eabi/lib/thumb/v7e-m+fp/hard\libc_nano.a(libc_a-mallocr.o)
 .text._malloc_r
                0x08000ecc      0x100 C:/ST/STM32CubeCLT_1.17.0/GNU-tools-for-STM32/13.3.1+st.9/bin/../lib/gcc/arm-none-eabi/13.3.1/../../../../arm-none-eabi/lib/thumb/v7e-m+fp/hard\libc_nano.a(libc_a-mallocr.o)
                0x08000ecc                _malloc_r
 .text.__malloc_lock
                0x08000fcc        0xc C:/ST/STM32CubeCLT_1.17.0/GNU-tools-for-STM32/13.3.1+st.9/bin/../lib/gcc/arm-none-eabi/13.3.1/../../../../arm-none-eabi/lib/thumb/v7e-m+fp/hard\libc_nano.a(libc_a-mlock.o)
                0x08000fcc                __malloc_lock
 .text.__malloc_unlock
                0x08000fd8        0xc C:/ST/STM32CubeCLT_1.17.0/GNU-tools-for-STM32/13.3.1+st.9/bin/../lib/gcc/arm-none-eabi/13.3.1/../../../../arm-none-eabi/lib/thumb/v7e-m+fp/hard\libc_nano.a(libc_a-mlock.o)
                0x08000fd8                __malloc_unlock
 .text._sbrk_r  0x08000fe4       0x20 C:/ST/STM32CubeCLT_1.17.0/GNU-tools-for-STM32/13.3.1+st.9/bin/../lib/gcc/arm-none-eabi/13.3.1/../../../../arm-none-eabi/lib/thumb/v7e-m+fp/hard\libc_nano.a(libc_a-sbrkr.o)
                0x08000fe4                _sbrk_r
 .text.SystemInit
                0x08001004       0x14 cmake/stm32cubemx/CMakeFiles/STM32_Drivers.dir/__/__/Core/Src/system_stm32f7xx.c.obj
                0x08001004                SystemInit
 .text.HAL_PCD_Init
                0x08001018       0xf4 cmake/stm32cubemx/CMakeFiles/STM32_Drivers.dir/__/__/Drivers/STM32F7xx_HAL_Driver/Src/stm32f7xx_hal_pcd.c.obj
                0x08001018                HAL_PCD_Init
 .text.HAL_PCD_Start
                0x0800110c       0x2c cmake/stm32cubemx/CMakeFiles/STM32_Drivers.dir/__/__/Drivers/STM32F7xx_HAL_Driver/Src/stm32f7xx_hal_pcd.c.obj
                0x0800110c                HAL_PCD_Start
 .text.HAL_PCD_IRQHandler
                0x08001138      0x780 cmake/stm32cubemx/CMakeFiles/STM32_Drivers.dir/__/__/Drivers/STM32F7xx_HAL_Driver/Src/stm32f7xx_hal_pcd.c.obj
                0x08001138                HAL_PCD_IRQHandler
 .text.HAL_PCD_SetAddress
                0x080018b8       0x28 cmake/stm32cubemx/CMakeFiles/STM32_Drivers.dir/__/__/Drivers/STM32F7xx_HAL_Driver/Src/stm32f7xx_hal_pcd.c.obj
                0x080018b8                HAL_PCD_SetAddress
 .text.HAL_PCD_EP_Open
                0x080018e0       0x80 cmake/stm32cubemx/CMakeFiles/STM32_Drivers.dir/__/__/Drivers/STM32F7xx_HAL_Driver/Src/stm32f7xx_hal_pcd.c.obj
                0x080018e0                HAL_PCD_EP_Open
 .text.HAL_PCD_EP_Close
                0x08001960       0x70 cmake/stm32cubemx/CMakeFiles/STM32_Drivers.dir/__/__/Drivers/STM32F7xx_HAL_Driver/Src/stm32f7xx_hal_pcd.c.obj
                0x08001960                HAL_PCD_EP_Close
 .text.HAL_PCD_EP_Receive
                0x080019d0       0x44 cmake/stm32cubemx/CMakeFiles/STM32_Drivers.dir/__/__/Drivers/STM32F7xx_HAL_Driver/Src/stm32f7xx_hal_pcd.c.obj
                0x080019d0                HAL_PCD_EP_Receive
 .text.HAL_PCD_EP_GetRxCount
                0x08001a14       0x14 cmake/stm32cubemx/CMakeFiles/STM32_Drivers.dir/__/__/Drivers/STM32F7xx_HAL_Driver/Src/stm32f7xx_hal_pcd.c.obj
                0x08001a14                HAL_PCD_EP_GetRxCount
 .text.HAL_PCD_EP_Transmit
                0x08001a28       0x44 cmake/stm32cubemx/CMakeFiles/STM32_Drivers.dir/__/__/Drivers/STM32F7xx_HAL_Driver/Src/stm32f7xx_hal_pcd.c.obj
                0x08001a28                HAL_PCD_EP_Transmit
 .text.HAL_PCD_EP_SetStall
                0x08001a6c       0x88 cmake/stm32cubemx/CMakeFiles/STM32_Drivers.dir/__/__/Drivers/STM32F7xx_HAL_Driver/Src/stm32f7xx_hal_pcd.c.obj
                0x08001a6c                HAL_PCD_EP_SetStall
 .text.HAL_PCD_EP_ClrStall
                0x08001af4       0x78 cmake/stm32cubemx/CMakeFiles/STM32_Drivers.dir/__/__/Drivers/STM32F7xx_HAL_Driver/Src/stm32f7xx_hal_pcd.c.obj
                0x08001af4                HAL_PCD_EP_ClrStall
 .text.HAL_PCDEx_SetTxFiFo
                0x08001b6c       0x4c cmake/stm32cubemx/CMakeFiles/STM32_Drivers.dir/__/__/Drivers/STM32F7xx_HAL_Driver/Src/stm32f7xx_hal_pcd_ex.c.obj
                0x08001b6c                HAL_PCDEx_SetTxFiFo
 .text.HAL_PCDEx_SetRxFiFo
                0x08001bb8        0xc cmake/stm32cubemx/CMakeFiles/STM32_Drivers.dir/__/__/Drivers/STM32F7xx_HAL_Driver/Src/stm32f7xx_hal_pcd_ex.c.obj
                0x08001bb8                HAL_PCDEx_SetRxFiFo
 .text.HAL_PCDEx_ActivateLPM
                0x08001bc4       0x30 cmake/stm32cubemx/CMakeFiles/STM32_Drivers.dir/__/__/Drivers/STM32F7xx_HAL_Driver/Src/stm32f7xx_hal_pcd_ex.c.obj
                0x08001bc4                HAL_PCDEx_ActivateLPM
 .text.USB_CoreReset
                0x08001bf4       0x60 cmake/stm32cubemx/CMakeFiles/STM32_Drivers.dir/__/__/Drivers/STM32F7xx_HAL_Driver/Src/stm32f7xx_ll_usb.c.obj
 .text.USB_CoreInit
                0x08001c54       0xb8 cmake/stm32cubemx/CMakeFiles/STM32_Drivers.dir/__/__/Drivers/STM32F7xx_HAL_Driver/Src/stm32f7xx_ll_usb.c.obj
                0x08001c54                USB_CoreInit
 .text.USB_SetTurnaroundTime
                0x08001d0c       0xf4 cmake/stm32cubemx/CMakeFiles/STM32_Drivers.dir/__/__/Drivers/STM32F7xx_HAL_Driver/Src/stm32f7xx_ll_usb.c.obj
                0x08001d0c                USB_SetTurnaroundTime
 .text.USB_EnableGlobalInt
                0x08001e00       0x10 cmake/stm32cubemx/CMakeFiles/STM32_Drivers.dir/__/__/Drivers/STM32F7xx_HAL_Driver/Src/stm32f7xx_ll_usb.c.obj
                0x08001e00                USB_EnableGlobalInt
 .text.USB_DisableGlobalInt
                0x08001e10       0x10 cmake/stm32cubemx/CMakeFiles/STM32_Drivers.dir/__/__/Drivers/STM32F7xx_HAL_Driver/Src/stm32f7xx_ll_usb.c.obj
                0x08001e10                USB_DisableGlobalInt
 .text.USB_SetCurrentMode
                0x08001e20       0x6c cmake/stm32cubemx/CMakeFiles/STM32_Drivers.dir/__/__/Drivers/STM32F7xx_HAL_Driver/Src/stm32f7xx_ll_usb.c.obj
                0x08001e20                USB_SetCurrentMode
 .text.USB_FlushTxFifo
                0x08001e8c       0x50 cmake/stm32cubemx/CMakeFiles/STM32_Drivers.dir/__/__/Drivers/STM32F7xx_HAL_Driver/Src/stm32f7xx_ll_usb.c.obj
                0x08001e8c                USB_FlushTxFifo
 .text.USB_FlushRxFifo
                0x08001edc       0x4c cmake/stm32cubemx/CMakeFiles/STM32_Drivers.dir/__/__/Drivers/STM32F7xx_HAL_Driver/Src/stm32f7xx_ll_usb.c.obj
                0x08001edc                USB_FlushRxFifo
 .text.USB_DevInit
                0x08001f28      0x190 cmake/stm32cubemx/CMakeFiles/STM32_Drivers.dir/__/__/Drivers/STM32F7xx_HAL_Driver/Src/stm32f7xx_ll_usb.c.obj
                0x08001f28                USB_DevInit
 .text.USB_GetDevSpeed
                0x080020b8       0x18 cmake/stm32cubemx/CMakeFiles/STM32_Drivers.dir/__/__/Drivers/STM32F7xx_HAL_Driver/Src/stm32f7xx_ll_usb.c.obj
                0x080020b8                USB_GetDevSpeed
 .text.USB_ActivateEndpoint
                0x080020d0       0x8c cmake/stm32cubemx/CMakeFiles/STM32_Drivers.dir/__/__/Drivers/STM32F7xx_HAL_Driver/Src/stm32f7xx_ll_usb.c.obj
                0x080020d0                USB_ActivateEndpoint
 .text.USB_DeactivateEndpoint
                0x0800215c       0xbc cmake/stm32cubemx/CMakeFiles/STM32_Drivers.dir/__/__/Drivers/STM32F7xx_HAL_Driver/Src/stm32f7xx_ll_usb.c.obj
                0x0800215c                USB_DeactivateEndpoint
 .text.USB_EPStartXfer
                0x08002218      0x220 cmake/stm32cubemx/CMakeFiles/STM32_Drivers.dir/__/__/Drivers/STM32F7xx_HAL_Driver/Src/stm32f7xx_ll_usb.c.obj
                0x08002218                USB_EPStartXfer
 .text.USB_EPStopXfer
                0x08002438       0x94 cmake/stm32cubemx/CMakeFiles/STM32_Drivers.dir/__/__/Drivers/STM32F7xx_HAL_Driver/Src/stm32f7xx_ll_usb.c.obj
                0x08002438                USB_EPStopXfer
 .text.USB_WritePacket
                0x080024cc       0x2c cmake/stm32cubemx/CMakeFiles/STM32_Drivers.dir/__/__/Drivers/STM32F7xx_HAL_Driver/Src/stm32f7xx_ll_usb.c.obj
                0x080024cc                USB_WritePacket
 .text.USB_ReadPacket
                0x080024f8       0x48 cmake/stm32cubemx/CMakeFiles/STM32_Drivers.dir/__/__/Drivers/STM32F7xx_HAL_Driver/Src/stm32f7xx_ll_usb.c.obj
                0x080024f8                USB_ReadPacket
 .text.USB_EPSetStall
                0x08002540       0x70 cmake/stm32cubemx/CMakeFiles/STM32_Drivers.dir/__/__/Drivers/STM32F7xx_HAL_Driver/Src/stm32f7xx_ll_usb.c.obj
                0x08002540                USB_EPSetStall
 .text.USB_EPClearStall
                0x080025b0       0x58 cmake/stm32cubemx/CMakeFiles/STM32_Drivers.dir/__/__/Drivers/STM32F7xx_HAL_Driver/Src/stm32f7xx_ll_usb.c.obj
                0x080025b0                USB_EPClearStall
 .text.USB_SetDevAddress
                0x08002608       0x24 cmake/stm32cubemx/CMakeFiles/STM32_Drivers.dir/__/__/Drivers/STM32F7xx_HAL_Driver/Src/stm32f7xx_ll_usb.c.obj
                0x08002608                USB_SetDevAddress
 .text.USB_DevConnect
                0x0800262c       0x20 cmake/stm32cubemx/CMakeFiles/STM32_Drivers.dir/__/__/Drivers/STM32F7xx_HAL_Driver/Src/stm32f7xx_ll_usb.c.obj
                0x0800262c                USB_DevConnect
 .text.USB_DevDisconnect
                0x0800264c       0x20 cmake/stm32cubemx/CMakeFiles/STM32_Drivers.dir/__/__/Drivers/STM32F7xx_HAL_Driver/Src/stm32f7xx_ll_usb.c.obj
                0x0800264c                USB_DevDisconnect
 .text.USB_ReadInterrupts
                0x0800266c        0x8 cmake/stm32cubemx/CMakeFiles/STM32_Drivers.dir/__/__/Drivers/STM32F7xx_HAL_Driver/Src/stm32f7xx_ll_usb.c.obj
                0x0800266c                USB_ReadInterrupts
 .text.USB_ReadDevAllOutEpInterrupt
                0x08002674       0x10 cmake/stm32cubemx/CMakeFiles/STM32_Drivers.dir/__/__/Drivers/STM32F7xx_HAL_Driver/Src/stm32f7xx_ll_usb.c.obj
                0x08002674                USB_ReadDevAllOutEpInterrupt
 .text.USB_ReadDevAllInEpInterrupt
                0x08002684       0x10 cmake/stm32cubemx/CMakeFiles/STM32_Drivers.dir/__/__/Drivers/STM32F7xx_HAL_Driver/Src/stm32f7xx_ll_usb.c.obj
                0x08002684                USB_ReadDevAllInEpInterrupt
 .text.USB_ReadDevOutEPInterrupt
                0x08002694       0x14 cmake/stm32cubemx/CMakeFiles/STM32_Drivers.dir/__/__/Drivers/STM32F7xx_HAL_Driver/Src/stm32f7xx_ll_usb.c.obj
                0x08002694                USB_ReadDevOutEPInterrupt
 .text.USB_ReadDevInEPInterrupt
                0x080026a8       0x20 cmake/stm32cubemx/CMakeFiles/STM32_Drivers.dir/__/__/Drivers/STM32F7xx_HAL_Driver/Src/stm32f7xx_ll_usb.c.obj
                0x080026a8                USB_ReadDevInEPInterrupt
 .text.USB_GetMode
                0x080026c8        0x8 cmake/stm32cubemx/CMakeFiles/STM32_Drivers.dir/__/__/Drivers/STM32F7xx_HAL_Driver/Src/stm32f7xx_ll_usb.c.obj
                0x080026c8                USB_GetMode
 .text.USB_ActivateSetup
                0x080026d0       0x20 cmake/stm32cubemx/CMakeFiles/STM32_Drivers.dir/__/__/Drivers/STM32F7xx_HAL_Driver/Src/stm32f7xx_ll_usb.c.obj
                0x080026d0                USB_ActivateSetup
 .text.USB_EP0_OutStart
                0x080026f0       0x50 cmake/stm32cubemx/CMakeFiles/STM32_Drivers.dir/__/__/Drivers/STM32F7xx_HAL_Driver/Src/stm32f7xx_ll_usb.c.obj
                0x080026f0                USB_EP0_OutStart
 .text.HAL_RCC_OscConfig
                0x08002740      0x3dc cmake/stm32cubemx/CMakeFiles/STM32_Drivers.dir/__/__/Drivers/STM32F7xx_HAL_Driver/Src/stm32f7xx_hal_rcc.c.obj
                0x08002740                HAL_RCC_OscConfig
 .text.HAL_RCC_GetSysClockFreq
                0x08002b1c       0x68 cmake/stm32cubemx/CMakeFiles/STM32_Drivers.dir/__/__/Drivers/STM32F7xx_HAL_Driver/Src/stm32f7xx_hal_rcc.c.obj
                0x08002b1c                HAL_RCC_GetSysClockFreq
 .text.HAL_RCC_ClockConfig
                0x08002b84      0x140 cmake/stm32cubemx/CMakeFiles/STM32_Drivers.dir/__/__/Drivers/STM32F7xx_HAL_Driver/Src/stm32f7xx_hal_rcc.c.obj
                0x08002b84                HAL_RCC_ClockConfig
 .text.HAL_RCC_GetHCLKFreq
                0x08002cc4        0xc cmake/stm32cubemx/CMakeFiles/STM32_Drivers.dir/__/__/Drivers/STM32F7xx_HAL_Driver/Src/stm32f7xx_hal_rcc.c.obj
                0x08002cc4                HAL_RCC_GetHCLKFreq
 .text.HAL_RCC_GetPCLK1Freq
                0x08002cd0       0x20 cmake/stm32cubemx/CMakeFiles/STM32_Drivers.dir/__/__/Drivers/STM32F7xx_HAL_Driver/Src/stm32f7xx_hal_rcc.c.obj
                0x08002cd0                HAL_RCC_GetPCLK1Freq
 .text.HAL_RCC_GetPCLK2Freq
                0x08002cf0       0x20 cmake/stm32cubemx/CMakeFiles/STM32_Drivers.dir/__/__/Drivers/STM32F7xx_HAL_Driver/Src/stm32f7xx_hal_rcc.c.obj
                0x08002cf0                HAL_RCC_GetPCLK2Freq
 .text.HAL_RCCEx_PeriphCLKConfig
                0x08002d10      0x46c cmake/stm32cubemx/CMakeFiles/STM32_Drivers.dir/__/__/Drivers/STM32F7xx_HAL_Driver/Src/stm32f7xx_hal_rcc_ex.c.obj
                0x08002d10                HAL_RCCEx_PeriphCLKConfig
 .text.HAL_GPIO_Init
                0x0800317c      0x240 cmake/stm32cubemx/CMakeFiles/STM32_Drivers.dir/__/__/Drivers/STM32F7xx_HAL_Driver/Src/stm32f7xx_hal_gpio.c.obj
                0x0800317c                HAL_GPIO_Init
 .text.HAL_GPIO_WritePin
                0x080033bc        0x8 cmake/stm32cubemx/CMakeFiles/STM32_Drivers.dir/__/__/Drivers/STM32F7xx_HAL_Driver/Src/stm32f7xx_hal_gpio.c.obj
                0x080033bc                HAL_GPIO_WritePin
 .text.HAL_GPIO_TogglePin
                0x080033c4       0x14 cmake/stm32cubemx/CMakeFiles/STM32_Drivers.dir/__/__/Drivers/STM32F7xx_HAL_Driver/Src/stm32f7xx_hal_gpio.c.obj
                0x080033c4                HAL_GPIO_TogglePin
 .text.HAL_DMA_Init
                0x080033d8      0x130 cmake/stm32cubemx/CMakeFiles/STM32_Drivers.dir/__/__/Drivers/STM32F7xx_HAL_Driver/Src/stm32f7xx_hal_dma.c.obj
                0x080033d8                HAL_DMA_Init
 .text.HAL_DMA_Start_IT
                0x08003508       0x80 cmake/stm32cubemx/CMakeFiles/STM32_Drivers.dir/__/__/Drivers/STM32F7xx_HAL_Driver/Src/stm32f7xx_hal_dma.c.obj
                0x08003508                HAL_DMA_Start_IT
 .text.HAL_DMA_Abort
                0x08003588       0x94 cmake/stm32cubemx/CMakeFiles/STM32_Drivers.dir/__/__/Drivers/STM32F7xx_HAL_Driver/Src/stm32f7xx_hal_dma.c.obj
                0x08003588                HAL_DMA_Abort
 .text.HAL_DMA_Abort_IT
                0x0800361c       0x28 cmake/stm32cubemx/CMakeFiles/STM32_Drivers.dir/__/__/Drivers/STM32F7xx_HAL_Driver/Src/stm32f7xx_hal_dma.c.obj
                0x0800361c                HAL_DMA_Abort_IT
 .text.HAL_DMA_IRQHandler
                0x08003644      0x1a8 cmake/stm32cubemx/CMakeFiles/STM32_Drivers.dir/__/__/Drivers/STM32F7xx_HAL_Driver/Src/stm32f7xx_hal_dma.c.obj
                0x08003644                HAL_DMA_IRQHandler
 .text.HAL_DMA_GetError
                0x080037ec        0x4 cmake/stm32cubemx/CMakeFiles/STM32_Drivers.dir/__/__/Drivers/STM32F7xx_HAL_Driver/Src/stm32f7xx_hal_dma.c.obj
                0x080037ec                HAL_DMA_GetError
 .text.HAL_PWREx_EnableOverDrive
                0x080037f0       0x74 cmake/stm32cubemx/CMakeFiles/STM32_Drivers.dir/__/__/Drivers/STM32F7xx_HAL_Driver/Src/stm32f7xx_hal_pwr_ex.c.obj
                0x080037f0                HAL_PWREx_EnableOverDrive
 .text.HAL_NVIC_SetPriorityGrouping
                0x08003864       0x24 cmake/stm32cubemx/CMakeFiles/STM32_Drivers.dir/__/__/Drivers/STM32F7xx_HAL_Driver/Src/stm32f7xx_hal_cortex.c.obj
                0x08003864                HAL_NVIC_SetPriorityGrouping
 .text.HAL_NVIC_SetPriority
                0x08003888       0x78 cmake/stm32cubemx/CMakeFiles/STM32_Drivers.dir/__/__/Drivers/STM32F7xx_HAL_Driver/Src/stm32f7xx_hal_cortex.c.obj
                0x08003888                HAL_NVIC_SetPriority
 .text.HAL_NVIC_EnableIRQ
                0x08003900       0x1c cmake/stm32cubemx/CMakeFiles/STM32_Drivers.dir/__/__/Drivers/STM32F7xx_HAL_Driver/Src/stm32f7xx_hal_cortex.c.obj
                0x08003900                HAL_NVIC_EnableIRQ
 .text.HAL_SYSTICK_Config
                0x0800391c       0x2c cmake/stm32cubemx/CMakeFiles/STM32_Drivers.dir/__/__/Drivers/STM32F7xx_HAL_Driver/Src/stm32f7xx_hal_cortex.c.obj
                0x0800391c                HAL_SYSTICK_Config
 .text.HAL_InitTick
                0x08003948       0x48 cmake/stm32cubemx/CMakeFiles/STM32_Drivers.dir/__/__/Drivers/STM32F7xx_HAL_Driver/Src/stm32f7xx_hal.c.obj
                0x08003948                HAL_InitTick
 .text.HAL_Init
                0x08003990       0x18 cmake/stm32cubemx/CMakeFiles/STM32_Drivers.dir/__/__/Drivers/STM32F7xx_HAL_Driver/Src/stm32f7xx_hal.c.obj
                0x08003990                HAL_Init
 .text.HAL_IncTick
                0x080039a8       0x18 cmake/stm32cubemx/CMakeFiles/STM32_Drivers.dir/__/__/Drivers/STM32F7xx_HAL_Driver/Src/stm32f7xx_hal.c.obj
                0x080039a8                HAL_IncTick
 .text.HAL_GetTick
                0x080039c0        0xc cmake/stm32cubemx/CMakeFiles/STM32_Drivers.dir/__/__/Drivers/STM32F7xx_HAL_Driver/Src/stm32f7xx_hal.c.obj
                0x080039c0                HAL_GetTick
 .text.HAL_Delay
                0x080039cc       0x24 cmake/stm32cubemx/CMakeFiles/STM32_Drivers.dir/__/__/Drivers/STM32F7xx_HAL_Driver/Src/stm32f7xx_hal.c.obj
                0x080039cc                HAL_Delay
 .text.CRC_Handle_8
                0x080039f0       0x70 cmake/stm32cubemx/CMakeFiles/STM32_Drivers.dir/__/__/Drivers/STM32F7xx_HAL_Driver/Src/stm32f7xx_hal_crc.c.obj
 .text.CRC_Handle_16
                0x08003a60       0x30 cmake/stm32cubemx/CMakeFiles/STM32_Drivers.dir/__/__/Drivers/STM32F7xx_HAL_Driver/Src/stm32f7xx_hal_crc.c.obj
 .text.HAL_CRC_Init
                0x08003a90       0x7c cmake/stm32cubemx/CMakeFiles/STM32_Drivers.dir/__/__/Drivers/STM32F7xx_HAL_Driver/Src/stm32f7xx_hal_crc.c.obj
                0x08003a90                HAL_CRC_Init
 .text.HAL_CRC_Calculate
                0x08003b0c       0x58 cmake/stm32cubemx/CMakeFiles/STM32_Drivers.dir/__/__/Drivers/STM32F7xx_HAL_Driver/Src/stm32f7xx_hal_crc.c.obj
                0x08003b0c                HAL_CRC_Calculate
 .text.HAL_CRCEx_Polynomial_Set
                0x08003b64       0x70 cmake/stm32cubemx/CMakeFiles/STM32_Drivers.dir/__/__/Drivers/STM32F7xx_HAL_Driver/Src/stm32f7xx_hal_crc_ex.c.obj
                0x08003b64                HAL_CRCEx_Polynomial_Set
 .text.SPI_WaitFlagStateUntilTimeout.constprop.0
                0x08003bd4       0xc0 cmake/stm32cubemx/CMakeFiles/STM32_Drivers.dir/__/__/Drivers/STM32F7xx_HAL_Driver/Src/stm32f7xx_hal_spi.c.obj
 .text.SPI_WaitFifoStateUntilTimeout.constprop.0
                0x08003c94       0xf0 cmake/stm32cubemx/CMakeFiles/STM32_Drivers.dir/__/__/Drivers/STM32F7xx_HAL_Driver/Src/stm32f7xx_hal_spi.c.obj
 .text.SPI_EndRxTxTransaction
                0x08003d84       0x84 cmake/stm32cubemx/CMakeFiles/STM32_Drivers.dir/__/__/Drivers/STM32F7xx_HAL_Driver/Src/stm32f7xx_hal_spi.c.obj
 .text.HAL_SPI_Init
                0x08003e08       0xec cmake/stm32cubemx/CMakeFiles/STM32_Drivers.dir/__/__/Drivers/STM32F7xx_HAL_Driver/Src/stm32f7xx_hal_spi.c.obj
                0x08003e08                HAL_SPI_Init
 .text.HAL_SPI_TransmitReceive
                0x08003ef4      0x294 cmake/stm32cubemx/CMakeFiles/STM32_Drivers.dir/__/__/Drivers/STM32F7xx_HAL_Driver/Src/stm32f7xx_hal_spi.c.obj
                0x08003ef4                HAL_SPI_TransmitReceive
 .text.HAL_TIM_ConfigClockSource
                0x08004188      0x154 cmake/stm32cubemx/CMakeFiles/STM32_Drivers.dir/__/__/Drivers/STM32F7xx_HAL_Driver/Src/stm32f7xx_hal_tim.c.obj
                0x08004188                HAL_TIM_ConfigClockSource
 .text.HAL_TIM_OC_DelayElapsedCallback
                0x080042dc        0x4 cmake/stm32cubemx/CMakeFiles/STM32_Drivers.dir/__/__/Drivers/STM32F7xx_HAL_Driver/Src/stm32f7xx_hal_tim.c.obj
                0x080042dc                HAL_TIM_OC_DelayElapsedCallback
 .text.HAL_TIM_IC_CaptureCallback
                0x080042e0        0x4 cmake/stm32cubemx/CMakeFiles/STM32_Drivers.dir/__/__/Drivers/STM32F7xx_HAL_Driver/Src/stm32f7xx_hal_tim.c.obj
                0x080042e0                HAL_TIM_IC_CaptureCallback
 .text.HAL_TIM_PWM_PulseFinishedCallback
                0x080042e4        0x4 cmake/stm32cubemx/CMakeFiles/STM32_Drivers.dir/__/__/Drivers/STM32F7xx_HAL_Driver/Src/stm32f7xx_hal_tim.c.obj
                0x080042e4                HAL_TIM_PWM_PulseFinishedCallback
 .text.HAL_TIM_TriggerCallback
                0x080042e8        0x4 cmake/stm32cubemx/CMakeFiles/STM32_Drivers.dir/__/__/Drivers/STM32F7xx_HAL_Driver/Src/stm32f7xx_hal_tim.c.obj
                0x080042e8                HAL_TIM_TriggerCallback
 .text.HAL_TIM_IRQHandler
                0x080042ec      0x154 cmake/stm32cubemx/CMakeFiles/STM32_Drivers.dir/__/__/Drivers/STM32F7xx_HAL_Driver/Src/stm32f7xx_hal_tim.c.obj
                0x080042ec                HAL_TIM_IRQHandler
 .text.TIM_Base_SetConfig
                0x08004440       0xf0 cmake/stm32cubemx/CMakeFiles/STM32_Drivers.dir/__/__/Drivers/STM32F7xx_HAL_Driver/Src/stm32f7xx_hal_tim.c.obj
                0x08004440                TIM_Base_SetConfig
 .text.HAL_TIM_Base_Init
                0x08004530       0x64 cmake/stm32cubemx/CMakeFiles/STM32_Drivers.dir/__/__/Drivers/STM32F7xx_HAL_Driver/Src/stm32f7xx_hal_tim.c.obj
                0x08004530                HAL_TIM_Base_Init
 .text.HAL_TIMEx_MasterConfigSynchronization
                0x08004594       0xb4 cmake/stm32cubemx/CMakeFiles/STM32_Drivers.dir/__/__/Drivers/STM32F7xx_HAL_Driver/Src/stm32f7xx_hal_tim_ex.c.obj
                0x08004594                HAL_TIMEx_MasterConfigSynchronization
 .text.HAL_TIMEx_CommutCallback
                0x08004648        0x4 cmake/stm32cubemx/CMakeFiles/STM32_Drivers.dir/__/__/Drivers/STM32F7xx_HAL_Driver/Src/stm32f7xx_hal_tim_ex.c.obj
                0x08004648                HAL_TIMEx_CommutCallback
 .text.HAL_TIMEx_BreakCallback
                0x0800464c        0x4 cmake/stm32cubemx/CMakeFiles/STM32_Drivers.dir/__/__/Drivers/STM32F7xx_HAL_Driver/Src/stm32f7xx_hal_tim_ex.c.obj
                0x0800464c                HAL_TIMEx_BreakCallback
 .text.HAL_TIMEx_Break2Callback
                0x08004650        0x4 cmake/stm32cubemx/CMakeFiles/STM32_Drivers.dir/__/__/Drivers/STM32F7xx_HAL_Driver/Src/stm32f7xx_hal_tim_ex.c.obj
                0x08004650                HAL_TIMEx_Break2Callback
 .text.UART_EndRxTransfer
                0x08004654       0x60 cmake/stm32cubemx/CMakeFiles/STM32_Drivers.dir/__/__/Drivers/STM32F7xx_HAL_Driver/Src/stm32f7xx_hal_uart.c.obj
 .text.HAL_UART_Transmit_DMA
                0x080046b4       0x84 cmake/stm32cubemx/CMakeFiles/STM32_Drivers.dir/__/__/Drivers/STM32F7xx_HAL_Driver/Src/stm32f7xx_hal_uart.c.obj
                0x080046b4                HAL_UART_Transmit_DMA
 .text.HAL_UART_AbortReceive
                0x08004738       0xc0 cmake/stm32cubemx/CMakeFiles/STM32_Drivers.dir/__/__/Drivers/STM32F7xx_HAL_Driver/Src/stm32f7xx_hal_uart.c.obj
                0x08004738                HAL_UART_AbortReceive
 .text.HAL_UART_TxCpltCallback
                0x080047f8        0x4 cmake/stm32cubemx/CMakeFiles/STM32_Drivers.dir/__/__/Drivers/STM32F7xx_HAL_Driver/Src/stm32f7xx_hal_uart.c.obj
                0x080047f8                HAL_UART_TxCpltCallback
 .text.UART_DMATransmitCplt
                0x080047fc       0x44 cmake/stm32cubemx/CMakeFiles/STM32_Drivers.dir/__/__/Drivers/STM32F7xx_HAL_Driver/Src/stm32f7xx_hal_uart.c.obj
 .text.HAL_UART_TxHalfCpltCallback
                0x08004840        0x4 cmake/stm32cubemx/CMakeFiles/STM32_Drivers.dir/__/__/Drivers/STM32F7xx_HAL_Driver/Src/stm32f7xx_hal_uart.c.obj
                0x08004840                HAL_UART_TxHalfCpltCallback
 .text.UART_DMATxHalfCplt
                0x08004844        0xc cmake/stm32cubemx/CMakeFiles/STM32_Drivers.dir/__/__/Drivers/STM32F7xx_HAL_Driver/Src/stm32f7xx_hal_uart.c.obj
 .text.HAL_UART_RxCpltCallback
                0x08004850        0x4 cmake/stm32cubemx/CMakeFiles/STM32_Drivers.dir/__/__/Drivers/STM32F7xx_HAL_Driver/Src/stm32f7xx_hal_uart.c.obj
                0x08004850                HAL_UART_RxCpltCallback
 .text.HAL_UART_RxHalfCpltCallback
                0x08004854        0x4 cmake/stm32cubemx/CMakeFiles/STM32_Drivers.dir/__/__/Drivers/STM32F7xx_HAL_Driver/Src/stm32f7xx_hal_uart.c.obj
                0x08004854                HAL_UART_RxHalfCpltCallback
 .text.UART_DMAError
                0x08004858       0x5c cmake/stm32cubemx/CMakeFiles/STM32_Drivers.dir/__/__/Drivers/STM32F7xx_HAL_Driver/Src/stm32f7xx_hal_uart.c.obj
 .text.UART_DMAAbortOnError
                0x080048b4       0x10 cmake/stm32cubemx/CMakeFiles/STM32_Drivers.dir/__/__/Drivers/STM32F7xx_HAL_Driver/Src/stm32f7xx_hal_uart.c.obj
 .text.HAL_UART_IRQHandler
                0x080048c4      0x310 cmake/stm32cubemx/CMakeFiles/STM32_Drivers.dir/__/__/Drivers/STM32F7xx_HAL_Driver/Src/stm32f7xx_hal_uart.c.obj
                0x080048c4                HAL_UART_IRQHandler
 .text.UART_DMARxHalfCplt
                0x08004bd4       0x3c cmake/stm32cubemx/CMakeFiles/STM32_Drivers.dir/__/__/Drivers/STM32F7xx_HAL_Driver/Src/stm32f7xx_hal_uart.c.obj
 .text.UART_DMAReceiveCplt
                0x08004c10       0xbc cmake/stm32cubemx/CMakeFiles/STM32_Drivers.dir/__/__/Drivers/STM32F7xx_HAL_Driver/Src/stm32f7xx_hal_uart.c.obj
 .text.UART_SetConfig
                0x08004ccc      0x264 cmake/stm32cubemx/CMakeFiles/STM32_Drivers.dir/__/__/Drivers/STM32F7xx_HAL_Driver/Src/stm32f7xx_hal_uart.c.obj
                0x08004ccc                UART_SetConfig
 .text.UART_AdvFeatureConfig
                0x08004f30       0xb0 cmake/stm32cubemx/CMakeFiles/STM32_Drivers.dir/__/__/Drivers/STM32F7xx_HAL_Driver/Src/stm32f7xx_hal_uart.c.obj
                0x08004f30                UART_AdvFeatureConfig
 .text.UART_WaitOnFlagUntilTimeout
                0x08004fe0       0xa0 cmake/stm32cubemx/CMakeFiles/STM32_Drivers.dir/__/__/Drivers/STM32F7xx_HAL_Driver/Src/stm32f7xx_hal_uart.c.obj
                0x08004fe0                UART_WaitOnFlagUntilTimeout
 .text.UART_CheckIdleState
                0x08005080       0x64 cmake/stm32cubemx/CMakeFiles/STM32_Drivers.dir/__/__/Drivers/STM32F7xx_HAL_Driver/Src/stm32f7xx_hal_uart.c.obj
                0x08005080                UART_CheckIdleState
 .text.UART_Start_Receive_DMA
                0x080050e4       0x9c cmake/stm32cubemx/CMakeFiles/STM32_Drivers.dir/__/__/Drivers/STM32F7xx_HAL_Driver/Src/stm32f7xx_hal_uart.c.obj
                0x080050e4                UART_Start_Receive_DMA
 .text.HAL_RS485Ex_Init
                0x08005180       0x80 cmake/stm32cubemx/CMakeFiles/STM32_Drivers.dir/__/__/Drivers/STM32F7xx_HAL_Driver/Src/stm32f7xx_hal_uart_ex.c.obj
                0x08005180                HAL_RS485Ex_Init
 .text.HAL_UARTEx_ReceiveToIdle_DMA
                0x08005200       0x48 cmake/stm32cubemx/CMakeFiles/STM32_Drivers.dir/__/__/Drivers/STM32F7xx_HAL_Driver/Src/stm32f7xx_hal_uart_ex.c.obj
                0x08005200                HAL_UARTEx_ReceiveToIdle_DMA
 .text.USBD_Init
                0x08005248       0x28 cmake/stm32cubemx/CMakeFiles/USB_Device_Library.dir/__/__/Middlewares/ST/STM32_USB_Device_Library/Core/Src/usbd_core.c.obj
                0x08005248                USBD_Init
 .text.USBD_RegisterClass
                0x08005270       0x38 cmake/stm32cubemx/CMakeFiles/USB_Device_Library.dir/__/__/Middlewares/ST/STM32_USB_Device_Library/Core/Src/usbd_core.c.obj
                0x08005270                USBD_RegisterClass
 .text.USBD_Start
                0x080052a8        0x4 cmake/stm32cubemx/CMakeFiles/USB_Device_Library.dir/__/__/Middlewares/ST/STM32_USB_Device_Library/Core/Src/usbd_core.c.obj
                0x080052a8                USBD_Start
 .text.USBD_SetClassConfig
                0x080052ac       0x10 cmake/stm32cubemx/CMakeFiles/USB_Device_Library.dir/__/__/Middlewares/ST/STM32_USB_Device_Library/Core/Src/usbd_core.c.obj
                0x080052ac                USBD_SetClassConfig
 .text.USBD_ClrClassConfig
                0x080052bc       0x14 cmake/stm32cubemx/CMakeFiles/USB_Device_Library.dir/__/__/Middlewares/ST/STM32_USB_Device_Library/Core/Src/usbd_core.c.obj
                0x080052bc                USBD_ClrClassConfig
 .text.USBD_LL_SetupStage
                0x080052d0       0x60 cmake/stm32cubemx/CMakeFiles/USB_Device_Library.dir/__/__/Middlewares/ST/STM32_USB_Device_Library/Core/Src/usbd_core.c.obj
                0x080052d0                USBD_LL_SetupStage
 .text.USBD_LL_DataOutStage
                0x08005330       0x80 cmake/stm32cubemx/CMakeFiles/USB_Device_Library.dir/__/__/Middlewares/ST/STM32_USB_Device_Library/Core/Src/usbd_core.c.obj
                0x08005330                USBD_LL_DataOutStage
 .text.USBD_LL_DataInStage
                0x080053b0       0xc0 cmake/stm32cubemx/CMakeFiles/USB_Device_Library.dir/__/__/Middlewares/ST/STM32_USB_Device_Library/Core/Src/usbd_core.c.obj
                0x080053b0                USBD_LL_DataInStage
 .text.USBD_LL_Reset
                0x08005470       0x5c cmake/stm32cubemx/CMakeFiles/USB_Device_Library.dir/__/__/Middlewares/ST/STM32_USB_Device_Library/Core/Src/usbd_core.c.obj
                0x08005470                USBD_LL_Reset
 .text.USBD_LL_SetSpeed
                0x080054cc        0x8 cmake/stm32cubemx/CMakeFiles/USB_Device_Library.dir/__/__/Middlewares/ST/STM32_USB_Device_Library/Core/Src/usbd_core.c.obj
                0x080054cc                USBD_LL_SetSpeed
 .text.USBD_LL_Suspend
                0x080054d4       0x20 cmake/stm32cubemx/CMakeFiles/USB_Device_Library.dir/__/__/Middlewares/ST/STM32_USB_Device_Library/Core/Src/usbd_core.c.obj
                0x080054d4                USBD_LL_Suspend
 .text.USBD_LL_Resume
                0x080054f4       0x18 cmake/stm32cubemx/CMakeFiles/USB_Device_Library.dir/__/__/Middlewares/ST/STM32_USB_Device_Library/Core/Src/usbd_core.c.obj
                0x080054f4                USBD_LL_Resume
 .text.USBD_LL_SOF
                0x0800550c       0x20 cmake/stm32cubemx/CMakeFiles/USB_Device_Library.dir/__/__/Middlewares/ST/STM32_USB_Device_Library/Core/Src/usbd_core.c.obj
                0x0800550c                USBD_LL_SOF
 .text.USBD_LL_IsoINIncomplete
                0x0800552c       0x2c cmake/stm32cubemx/CMakeFiles/USB_Device_Library.dir/__/__/Middlewares/ST/STM32_USB_Device_Library/Core/Src/usbd_core.c.obj
                0x0800552c                USBD_LL_IsoINIncomplete
 .text.USBD_LL_IsoOUTIncomplete
                0x08005558       0x2c cmake/stm32cubemx/CMakeFiles/USB_Device_Library.dir/__/__/Middlewares/ST/STM32_USB_Device_Library/Core/Src/usbd_core.c.obj
                0x08005558                USBD_LL_IsoOUTIncomplete
 .text.USBD_LL_DevConnected
                0x08005584        0x4 cmake/stm32cubemx/CMakeFiles/USB_Device_Library.dir/__/__/Middlewares/ST/STM32_USB_Device_Library/Core/Src/usbd_core.c.obj
                0x08005584                USBD_LL_DevConnected
 .text.USBD_LL_DevDisconnected
                0x08005588       0x24 cmake/stm32cubemx/CMakeFiles/USB_Device_Library.dir/__/__/Middlewares/ST/STM32_USB_Device_Library/Core/Src/usbd_core.c.obj
                0x08005588                USBD_LL_DevDisconnected
 .text.USBD_CoreFindIF
                0x080055ac        0x4 cmake/stm32cubemx/CMakeFiles/USB_Device_Library.dir/__/__/Middlewares/ST/STM32_USB_Device_Library/Core/Src/usbd_core.c.obj
                0x080055ac                USBD_CoreFindIF
 .text.USBD_CoreFindEP
                0x080055b0        0x4 cmake/stm32cubemx/CMakeFiles/USB_Device_Library.dir/__/__/Middlewares/ST/STM32_USB_Device_Library/Core/Src/usbd_core.c.obj
                0x080055b0                USBD_CoreFindEP
 .text.USBD_GetEpDesc
                0x080055b4       0x2c cmake/stm32cubemx/CMakeFiles/USB_Device_Library.dir/__/__/Middlewares/ST/STM32_USB_Device_Library/Core/Src/usbd_core.c.obj
                0x080055b4                USBD_GetEpDesc
 .text.USBD_StdDevReq
                0x080055e0      0x37c cmake/stm32cubemx/CMakeFiles/USB_Device_Library.dir/__/__/Middlewares/ST/STM32_USB_Device_Library/Core/Src/usbd_ctlreq.c.obj
                0x080055e0                USBD_StdDevReq
 .text.USBD_StdItfReq
                0x0800595c       0x80 cmake/stm32cubemx/CMakeFiles/USB_Device_Library.dir/__/__/Middlewares/ST/STM32_USB_Device_Library/Core/Src/usbd_ctlreq.c.obj
                0x0800595c                USBD_StdItfReq
 .text.USBD_StdEPReq
                0x080059dc      0x160 cmake/stm32cubemx/CMakeFiles/USB_Device_Library.dir/__/__/Middlewares/ST/STM32_USB_Device_Library/Core/Src/usbd_ctlreq.c.obj
                0x080059dc                USBD_StdEPReq
 .text.USBD_ParseSetupRequest
                0x08005b3c       0x18 cmake/stm32cubemx/CMakeFiles/USB_Device_Library.dir/__/__/Middlewares/ST/STM32_USB_Device_Library/Core/Src/usbd_ctlreq.c.obj
                0x08005b3c                USBD_ParseSetupRequest
 .text.USBD_CtlError
                0x08005b54       0x18 cmake/stm32cubemx/CMakeFiles/USB_Device_Library.dir/__/__/Middlewares/ST/STM32_USB_Device_Library/Core/Src/usbd_ctlreq.c.obj
                0x08005b54                USBD_CtlError
 .text.USBD_GetString
                0x08005b6c       0x58 cmake/stm32cubemx/CMakeFiles/USB_Device_Library.dir/__/__/Middlewares/ST/STM32_USB_Device_Library/Core/Src/usbd_ctlreq.c.obj
                0x08005b6c                USBD_GetString
 .text.USBD_CtlSendData
                0x08005bc4       0x1c cmake/stm32cubemx/CMakeFiles/USB_Device_Library.dir/__/__/Middlewares/ST/STM32_USB_Device_Library/Core/Src/usbd_ioreq.c.obj
                0x08005bc4                USBD_CtlSendData
 .text.USBD_CtlContinueSendData
                0x08005be0       0x14 cmake/stm32cubemx/CMakeFiles/USB_Device_Library.dir/__/__/Middlewares/ST/STM32_USB_Device_Library/Core/Src/usbd_ioreq.c.obj
                0x08005be0                USBD_CtlContinueSendData
 .text.USBD_CtlPrepareRx
                0x08005bf4       0x20 cmake/stm32cubemx/CMakeFiles/USB_Device_Library.dir/__/__/Middlewares/ST/STM32_USB_Device_Library/Core/Src/usbd_ioreq.c.obj
                0x08005bf4                USBD_CtlPrepareRx
 .text.USBD_CtlContinueRx
                0x08005c14       0x14 cmake/stm32cubemx/CMakeFiles/USB_Device_Library.dir/__/__/Middlewares/ST/STM32_USB_Device_Library/Core/Src/usbd_ioreq.c.obj
                0x08005c14                USBD_CtlContinueRx
 .text.USBD_CtlSendStatus
                0x08005c28       0x18 cmake/stm32cubemx/CMakeFiles/USB_Device_Library.dir/__/__/Middlewares/ST/STM32_USB_Device_Library/Core/Src/usbd_ioreq.c.obj
                0x08005c28                USBD_CtlSendStatus
 .text.USBD_CtlReceiveStatus
                0x08005c40       0x18 cmake/stm32cubemx/CMakeFiles/USB_Device_Library.dir/__/__/Middlewares/ST/STM32_USB_Device_Library/Core/Src/usbd_ioreq.c.obj
                0x08005c40                USBD_CtlReceiveStatus
 .text.USBD_CDC_EP0_RxReady
                0x08005c58       0x38 cmake/stm32cubemx/CMakeFiles/USB_Device_Library.dir/__/__/Middlewares/ST/STM32_USB_Device_Library/Class/CDC/Src/usbd_cdc.c.obj
 .text.USBD_CDC_GetDeviceQualifierDescriptor
                0x08005c90       0x10 cmake/stm32cubemx/CMakeFiles/USB_Device_Library.dir/__/__/Middlewares/ST/STM32_USB_Device_Library/Class/CDC/Src/usbd_cdc.c.obj
                0x08005c90                USBD_CDC_GetDeviceQualifierDescriptor
 .text.USBD_CDC_GetFSCfgDesc
                0x08005ca0       0x48 cmake/stm32cubemx/CMakeFiles/USB_Device_Library.dir/__/__/Middlewares/ST/STM32_USB_Device_Library/Class/CDC/Src/usbd_cdc.c.obj
 .text.USBD_CDC_GetOtherSpeedCfgDesc
                0x08005ce8        0x4 cmake/stm32cubemx/CMakeFiles/USB_Device_Library.dir/__/__/Middlewares/ST/STM32_USB_Device_Library/Class/CDC/Src/usbd_cdc.c.obj
 .text.USBD_CDC_GetHSCfgDesc
                0x08005cec       0x48 cmake/stm32cubemx/CMakeFiles/USB_Device_Library.dir/__/__/Middlewares/ST/STM32_USB_Device_Library/Class/CDC/Src/usbd_cdc.c.obj
 .text.USBD_CDC_DataOut
                0x08005d34       0x38 cmake/stm32cubemx/CMakeFiles/USB_Device_Library.dir/__/__/Middlewares/ST/STM32_USB_Device_Library/Class/CDC/Src/usbd_cdc.c.obj
 .text.USBD_CDC_DataIn
                0x08005d6c       0x6c cmake/stm32cubemx/CMakeFiles/USB_Device_Library.dir/__/__/Middlewares/ST/STM32_USB_Device_Library/Class/CDC/Src/usbd_cdc.c.obj
 .text.USBD_CDC_Setup
                0x08005dd8       0xfc cmake/stm32cubemx/CMakeFiles/USB_Device_Library.dir/__/__/Middlewares/ST/STM32_USB_Device_Library/Class/CDC/Src/usbd_cdc.c.obj
 .text.USBD_CDC_DeInit
                0x08005ed4       0x60 cmake/stm32cubemx/CMakeFiles/USB_Device_Library.dir/__/__/Middlewares/ST/STM32_USB_Device_Library/Class/CDC/Src/usbd_cdc.c.obj
 .text.USBD_CDC_Init
                0x08005f34       0xc8 cmake/stm32cubemx/CMakeFiles/USB_Device_Library.dir/__/__/Middlewares/ST/STM32_USB_Device_Library/Class/CDC/Src/usbd_cdc.c.obj
 .text.USBD_CDC_RegisterInterface
                0x08005ffc       0x18 cmake/stm32cubemx/CMakeFiles/USB_Device_Library.dir/__/__/Middlewares/ST/STM32_USB_Device_Library/Class/CDC/Src/usbd_cdc.c.obj
                0x08005ffc                USBD_CDC_RegisterInterface
 .text.USBD_CDC_SetTxBuffer
                0x08006014       0x1c cmake/stm32cubemx/CMakeFiles/USB_Device_Library.dir/__/__/Middlewares/ST/STM32_USB_Device_Library/Class/CDC/Src/usbd_cdc.c.obj
                0x08006014                USBD_CDC_SetTxBuffer
 .text.USBD_CDC_SetRxBuffer
                0x08006030       0x18 cmake/stm32cubemx/CMakeFiles/USB_Device_Library.dir/__/__/Middlewares/ST/STM32_USB_Device_Library/Class/CDC/Src/usbd_cdc.c.obj
                0x08006030                USBD_CDC_SetRxBuffer
 .text.USBD_CDC_TransmitPacket
                0x08006048       0x38 cmake/stm32cubemx/CMakeFiles/USB_Device_Library.dir/__/__/Middlewares/ST/STM32_USB_Device_Library/Class/CDC/Src/usbd_cdc.c.obj
                0x08006048                USBD_CDC_TransmitPacket
 .text.USBD_CDC_ReceivePacket
                0x08006080       0x34 cmake/stm32cubemx/CMakeFiles/USB_Device_Library.dir/__/__/Middlewares/ST/STM32_USB_Device_Library/Class/CDC/Src/usbd_cdc.c.obj
                0x08006080                USBD_CDC_ReceivePacket
 .text.HAL_PCD_MspInit
                0x080060b4       0xf0 CMakeFiles/TheBox_V3_0.dir/USB_DEVICE/Target/usbd_conf.c.obj
                0x080060b4                HAL_PCD_MspInit
 .text.HAL_PCD_SetupStageCallback
                0x080061a4        0xc CMakeFiles/TheBox_V3_0.dir/USB_DEVICE/Target/usbd_conf.c.obj
                0x080061a4                HAL_PCD_SetupStageCallback
 .text.HAL_PCD_DataOutStageCallback
                0x080061b0       0x14 CMakeFiles/TheBox_V3_0.dir/USB_DEVICE/Target/usbd_conf.c.obj
                0x080061b0                HAL_PCD_DataOutStageCallback
 .text.HAL_PCD_DataInStageCallback
                0x080061c4       0x14 CMakeFiles/TheBox_V3_0.dir/USB_DEVICE/Target/usbd_conf.c.obj
                0x080061c4                HAL_PCD_DataInStageCallback
 .text.HAL_PCD_SOFCallback
                0x080061d8        0x8 CMakeFiles/TheBox_V3_0.dir/USB_DEVICE/Target/usbd_conf.c.obj
                0x080061d8                HAL_PCD_SOFCallback
 .text.HAL_PCD_ResetCallback
                0x080061e0       0x2c CMakeFiles/TheBox_V3_0.dir/USB_DEVICE/Target/usbd_conf.c.obj
                0x080061e0                HAL_PCD_ResetCallback
 .text.HAL_PCD_SuspendCallback
                0x0800620c       0x30 CMakeFiles/TheBox_V3_0.dir/USB_DEVICE/Target/usbd_conf.c.obj
                0x0800620c                HAL_PCD_SuspendCallback
 .text.HAL_PCD_ResumeCallback
                0x0800623c        0x8 CMakeFiles/TheBox_V3_0.dir/USB_DEVICE/Target/usbd_conf.c.obj
                0x0800623c                HAL_PCD_ResumeCallback
 .text.HAL_PCD_ISOOUTIncompleteCallback
                0x08006244        0x8 CMakeFiles/TheBox_V3_0.dir/USB_DEVICE/Target/usbd_conf.c.obj
                0x08006244                HAL_PCD_ISOOUTIncompleteCallback
 .text.HAL_PCD_ISOINIncompleteCallback
                0x0800624c        0x8 CMakeFiles/TheBox_V3_0.dir/USB_DEVICE/Target/usbd_conf.c.obj
                0x0800624c                HAL_PCD_ISOINIncompleteCallback
 .text.HAL_PCD_ConnectCallback
                0x08006254        0x8 CMakeFiles/TheBox_V3_0.dir/USB_DEVICE/Target/usbd_conf.c.obj
                0x08006254                HAL_PCD_ConnectCallback
 .text.HAL_PCD_DisconnectCallback
                0x0800625c        0x8 CMakeFiles/TheBox_V3_0.dir/USB_DEVICE/Target/usbd_conf.c.obj
                0x0800625c                HAL_PCD_DisconnectCallback
 .text.USBD_LL_Init
                0x08006264       0x68 CMakeFiles/TheBox_V3_0.dir/USB_DEVICE/Target/usbd_conf.c.obj
                0x08006264                USBD_LL_Init
 .text.USBD_LL_Start
                0x080062cc       0x18 CMakeFiles/TheBox_V3_0.dir/USB_DEVICE/Target/usbd_conf.c.obj
                0x080062cc                USBD_LL_Start
 .text.USBD_LL_OpenEP
                0x080062e4       0x1c CMakeFiles/TheBox_V3_0.dir/USB_DEVICE/Target/usbd_conf.c.obj
                0x080062e4                USBD_LL_OpenEP
 .text.USBD_LL_CloseEP
                0x08006300       0x18 CMakeFiles/TheBox_V3_0.dir/USB_DEVICE/Target/usbd_conf.c.obj
                0x08006300                USBD_LL_CloseEP
 .text.USBD_LL_StallEP
                0x08006318       0x18 CMakeFiles/TheBox_V3_0.dir/USB_DEVICE/Target/usbd_conf.c.obj
                0x08006318                USBD_LL_StallEP
 .text.USBD_LL_ClearStallEP
                0x08006330       0x18 CMakeFiles/TheBox_V3_0.dir/USB_DEVICE/Target/usbd_conf.c.obj
                0x08006330                USBD_LL_ClearStallEP
 .text.USBD_LL_IsStallEP
                0x08006348       0x28 CMakeFiles/TheBox_V3_0.dir/USB_DEVICE/Target/usbd_conf.c.obj
                0x08006348                USBD_LL_IsStallEP
 .text.USBD_LL_SetUSBAddress
                0x08006370       0x18 CMakeFiles/TheBox_V3_0.dir/USB_DEVICE/Target/usbd_conf.c.obj
                0x08006370                USBD_LL_SetUSBAddress
 .text.USBD_LL_Transmit
                0x08006388       0x18 CMakeFiles/TheBox_V3_0.dir/USB_DEVICE/Target/usbd_conf.c.obj
                0x08006388                USBD_LL_Transmit
 .text.USBD_LL_PrepareReceive
                0x080063a0       0x18 CMakeFiles/TheBox_V3_0.dir/USB_DEVICE/Target/usbd_conf.c.obj
                0x080063a0                USBD_LL_PrepareReceive
 .text.USBD_LL_GetRxDataSize
                0x080063b8        0x8 CMakeFiles/TheBox_V3_0.dir/USB_DEVICE/Target/usbd_conf.c.obj
                0x080063b8                USBD_LL_GetRxDataSize
 .text.HAL_PCDEx_LPM_Callback
                0x080063c0       0x68 CMakeFiles/TheBox_V3_0.dir/USB_DEVICE/Target/usbd_conf.c.obj
                0x080063c0                HAL_PCDEx_LPM_Callback
 .text.MX_USB_DEVICE_Init
                0x08006428       0x88 CMakeFiles/TheBox_V3_0.dir/USB_DEVICE/App/usb_device.c.obj
                0x08006428                MX_USB_DEVICE_Init
 .text.USBD_HS_DeviceDescriptor
                0x080064b0        0xc CMakeFiles/TheBox_V3_0.dir/USB_DEVICE/App/usbd_desc.c.obj
                0x080064b0                USBD_HS_DeviceDescriptor
 .text.USBD_HS_LangIDStrDescriptor
                0x080064bc        0xc CMakeFiles/TheBox_V3_0.dir/USB_DEVICE/App/usbd_desc.c.obj
                0x080064bc                USBD_HS_LangIDStrDescriptor
 .text.USBD_HS_USR_BOSDescriptor
                0x080064c8        0xc CMakeFiles/TheBox_V3_0.dir/USB_DEVICE/App/usbd_desc.c.obj
                0x080064c8                USBD_HS_USR_BOSDescriptor
 .text.USBD_HS_ManufacturerStrDescriptor
                0x080064d4       0x1c CMakeFiles/TheBox_V3_0.dir/USB_DEVICE/App/usbd_desc.c.obj
                0x080064d4                USBD_HS_ManufacturerStrDescriptor
 .text.USBD_HS_ProductStrDescriptor
                0x080064f0       0x1c CMakeFiles/TheBox_V3_0.dir/USB_DEVICE/App/usbd_desc.c.obj
                0x080064f0                USBD_HS_ProductStrDescriptor
 .text.USBD_HS_ConfigStrDescriptor
                0x0800650c       0x1c CMakeFiles/TheBox_V3_0.dir/USB_DEVICE/App/usbd_desc.c.obj
                0x0800650c                USBD_HS_ConfigStrDescriptor
 .text.USBD_HS_InterfaceStrDescriptor
                0x08006528       0x1c CMakeFiles/TheBox_V3_0.dir/USB_DEVICE/App/usbd_desc.c.obj
                0x08006528                USBD_HS_InterfaceStrDescriptor
 .text.USBD_HS_SerialStrDescriptor
                0x08006544        0xc CMakeFiles/TheBox_V3_0.dir/USB_DEVICE/App/usbd_desc.c.obj
                0x08006544                USBD_HS_SerialStrDescriptor
 .text.CDC_DeInit_HS
                0x08006550        0x4 CMakeFiles/TheBox_V3_0.dir/USB_DEVICE/App/usbd_cdc_if.c.obj
 .text.CDC_Control_HS
                0x08006554       0x18 CMakeFiles/TheBox_V3_0.dir/USB_DEVICE/App/usbd_cdc_if.c.obj
 .text.CDC_TransmitCplt_HS
                0x0800656c        0x4 CMakeFiles/TheBox_V3_0.dir/USB_DEVICE/App/usbd_cdc_if.c.obj
 .text.CDC_Receive_HS
                0x08006570       0x24 CMakeFiles/TheBox_V3_0.dir/USB_DEVICE/App/usbd_cdc_if.c.obj
 .text.CDC_Init_HS
                0x08006594       0x28 CMakeFiles/TheBox_V3_0.dir/USB_DEVICE/App/usbd_cdc_if.c.obj
 .text.CDC_Transmit_HS
                0x080065bc       0x2c CMakeFiles/TheBox_V3_0.dir/USB_DEVICE/App/usbd_cdc_if.c.obj
                0x080065bc                CDC_Transmit_HS
 .text.SystemClock_Config
                0x080065e8       0xac CMakeFiles/TheBox_V3_0.dir/Core/Src/main.c.obj
                0x080065e8                SystemClock_Config
 .text.startup.main
                0x08006694      0x4ec CMakeFiles/TheBox_V3_0.dir/Core/Src/main.c.obj
                0x08006694                main
 .text.HAL_TIM_PeriodElapsedCallback
                0x08006b80       0x40 CMakeFiles/TheBox_V3_0.dir/Core/Src/main.c.obj
                0x08006b80                HAL_TIM_PeriodElapsedCallback
 .text.Error_Handler
                0x08006bc0        0x4 CMakeFiles/TheBox_V3_0.dir/Core/Src/main.c.obj
                0x08006bc0                Error_Handler
 .text.NMI_Handler
                0x08006bc4        0x4 CMakeFiles/TheBox_V3_0.dir/Core/Src/stm32f7xx_it.c.obj
                0x08006bc4                NMI_Handler
 .text.HardFault_Handler
                0x08006bc8        0x4 CMakeFiles/TheBox_V3_0.dir/Core/Src/stm32f7xx_it.c.obj
                0x08006bc8                HardFault_Handler
 .text.MemManage_Handler
                0x08006bcc        0x4 CMakeFiles/TheBox_V3_0.dir/Core/Src/stm32f7xx_it.c.obj
                0x08006bcc                MemManage_Handler
 .text.BusFault_Handler
                0x08006bd0        0x4 CMakeFiles/TheBox_V3_0.dir/Core/Src/stm32f7xx_it.c.obj
                0x08006bd0                BusFault_Handler
 .text.UsageFault_Handler
                0x08006bd4        0x4 CMakeFiles/TheBox_V3_0.dir/Core/Src/stm32f7xx_it.c.obj
                0x08006bd4                UsageFault_Handler
 .text.SVC_Handler
                0x08006bd8        0x4 CMakeFiles/TheBox_V3_0.dir/Core/Src/stm32f7xx_it.c.obj
                0x08006bd8                SVC_Handler
 .text.DebugMon_Handler
                0x08006bdc        0x4 CMakeFiles/TheBox_V3_0.dir/Core/Src/stm32f7xx_it.c.obj
                0x08006bdc                DebugMon_Handler
 .text.PendSV_Handler
                0x08006be0        0x4 CMakeFiles/TheBox_V3_0.dir/Core/Src/stm32f7xx_it.c.obj
                0x08006be0                PendSV_Handler
 .text.SysTick_Handler
                0x08006be4        0x4 CMakeFiles/TheBox_V3_0.dir/Core/Src/stm32f7xx_it.c.obj
                0x08006be4                SysTick_Handler
 .text.DMA1_Stream2_IRQHandler
                0x08006be8        0xc CMakeFiles/TheBox_V3_0.dir/Core/Src/stm32f7xx_it.c.obj
                0x08006be8                DMA1_Stream2_IRQHandler
 .text.DMA1_Stream4_IRQHandler
                0x08006bf4        0xc CMakeFiles/TheBox_V3_0.dir/Core/Src/stm32f7xx_it.c.obj
                0x08006bf4                DMA1_Stream4_IRQHandler
 .text.TIM2_IRQHandler
                0x08006c00        0xc CMakeFiles/TheBox_V3_0.dir/Core/Src/stm32f7xx_it.c.obj
                0x08006c00                TIM2_IRQHandler
 .text.UART4_IRQHandler
                0x08006c0c        0xc CMakeFiles/TheBox_V3_0.dir/Core/Src/stm32f7xx_it.c.obj
                0x08006c0c                UART4_IRQHandler
 .text.OTG_HS_IRQHandler
                0x08006c18        0xc CMakeFiles/TheBox_V3_0.dir/Core/Src/stm32f7xx_it.c.obj
                0x08006c18                OTG_HS_IRQHandler
 .text.HAL_MspInit
                0x08006c24       0x30 CMakeFiles/TheBox_V3_0.dir/Core/Src/stm32f7xx_hal_msp.c.obj
                0x08006c24                HAL_MspInit
 .text.HAL_CRC_MspInit
                0x08006c54       0x2c CMakeFiles/TheBox_V3_0.dir/Core/Src/stm32f7xx_hal_msp.c.obj
                0x08006c54                HAL_CRC_MspInit
 .text.HAL_SPI_MspInit
                0x08006c80       0xc4 CMakeFiles/TheBox_V3_0.dir/Core/Src/stm32f7xx_hal_msp.c.obj
                0x08006c80                HAL_SPI_MspInit
 .text.HAL_TIM_Base_MspInit
                0x08006d44       0x64 CMakeFiles/TheBox_V3_0.dir/Core/Src/stm32f7xx_hal_msp.c.obj
                0x08006d44                HAL_TIM_Base_MspInit
 .text.HAL_UART_MspInit
                0x08006da8      0x160 CMakeFiles/TheBox_V3_0.dir/Core/Src/stm32f7xx_hal_msp.c.obj
                0x08006da8                HAL_UART_MspInit
 .text._sbrk    0x08006f08       0x48 CMakeFiles/TheBox_V3_0.dir/Core/Src/sysmem.c.obj
                0x08006f08                _sbrk
 .text.Reset_Handler
                0x08006f50       0x50 CMakeFiles/TheBox_V3_0.dir/startup_stm32f722xx.s.obj
                0x08006f50                Reset_Handler
 .text.Default_Handler
                0x08006fa0        0x2 CMakeFiles/TheBox_V3_0.dir/startup_stm32f722xx.s.obj
                0x08006fa0                RTC_Alarm_IRQHandler
                0x08006fa0                EXTI2_IRQHandler
                0x08006fa0                TIM8_CC_IRQHandler
                0x08006fa0                UART8_IRQHandler
                0x08006fa0                SPI4_IRQHandler
                0x08006fa0                TIM1_CC_IRQHandler
                0x08006fa0                DMA2_Stream5_IRQHandler
                0x08006fa0                DMA1_Stream5_IRQHandler
                0x08006fa0                PVD_IRQHandler
                0x08006fa0                TAMP_STAMP_IRQHandler
                0x08006fa0                EXTI3_IRQHandler
                0x08006fa0                TIM8_TRG_COM_TIM14_IRQHandler
                0x08006fa0                TIM1_UP_TIM10_IRQHandler
                0x08006fa0                TIM8_UP_TIM13_IRQHandler
                0x08006fa0                I2C3_ER_IRQHandler
                0x08006fa0                EXTI0_IRQHandler
                0x08006fa0                I2C2_EV_IRQHandler
                0x08006fa0                CAN1_RX0_IRQHandler
                0x08006fa0                FPU_IRQHandler
                0x08006fa0                OTG_HS_WKUP_IRQHandler
                0x08006fa0                DMA2_Stream2_IRQHandler
                0x08006fa0                SPI1_IRQHandler
                0x08006fa0                TIM6_DAC_IRQHandler
                0x08006fa0                TIM1_BRK_TIM9_IRQHandler
                0x08006fa0                DMA2_Stream3_IRQHandler
                0x08006fa0                SAI2_IRQHandler
                0x08006fa0                USART6_IRQHandler
                0x08006fa0                USART3_IRQHandler
                0x08006fa0                CAN1_RX1_IRQHandler
                0x08006fa0                UART5_IRQHandler
                0x08006fa0                DMA2_Stream0_IRQHandler
                0x08006fa0                TIM4_IRQHandler
                0x08006fa0                QUADSPI_IRQHandler
                0x08006fa0                I2C1_EV_IRQHandler
                0x08006fa0                DMA1_Stream6_IRQHandler
                0x08006fa0                DMA1_Stream1_IRQHandler
                0x08006fa0                TIM3_IRQHandler
                0x08006fa0                RCC_IRQHandler
                0x08006fa0                TIM8_BRK_TIM12_IRQHandler
                0x08006fa0                Default_Handler
                0x08006fa0                EXTI15_10_IRQHandler
                0x08006fa0                ADC_IRQHandler
                0x08006fa0                DMA1_Stream7_IRQHandler
                0x08006fa0                SPI5_IRQHandler
                0x08006fa0                TIM7_IRQHandler
                0x08006fa0                SDMMC1_IRQHandler
                0x08006fa0                TIM5_IRQHandler
                0x08006fa0                DMA2_Stream7_IRQHandler
                0x08006fa0                I2C3_EV_IRQHandler
                0x08006fa0                EXTI9_5_IRQHandler
                0x08006fa0                RTC_WKUP_IRQHandler
                0x08006fa0                SPI2_IRQHandler
                0x08006fa0                OTG_HS_EP1_IN_IRQHandler
                0x08006fa0                DMA1_Stream0_IRQHandler
                0x08006fa0                CAN1_TX_IRQHandler
                0x08006fa0                EXTI4_IRQHandler
                0x08006fa0                RNG_IRQHandler
                0x08006fa0                OTG_HS_EP1_OUT_IRQHandler
                0x08006fa0                WWDG_IRQHandler
                0x08006fa0                OTG_FS_WKUP_IRQHandler
                0x08006fa0                TIM1_TRG_COM_TIM11_IRQHandler
                0x08006fa0                EXTI1_IRQHandler
                0x08006fa0                SDMMC2_IRQHandler
                0x08006fa0                UART7_IRQHandler
                0x08006fa0                USART2_IRQHandler
                0x08006fa0                I2C2_ER_IRQHandler
                0x08006fa0                DMA2_Stream1_IRQHandler
                0x08006fa0                CAN1_SCE_IRQHandler
                0x08006fa0                FLASH_IRQHandler
                0x08006fa0                DMA2_Stream4_IRQHandler
                0x08006fa0                USART1_IRQHandler
                0x08006fa0                OTG_FS_IRQHandler
                0x08006fa0                SPI3_IRQHandler
                0x08006fa0                I2C1_ER_IRQHandler
                0x08006fa0                FMC_IRQHandler
                0x08006fa0                LPTIM1_IRQHandler
                0x08006fa0                DMA2_Stream6_IRQHandler
                0x08006fa0                SAI1_IRQHandler
                0x08006fa0                DMA1_Stream3_IRQHandler
 *fill*         0x08006fa2        0x2 
 .text.delay_us
                0x08006fa4       0x20 CMakeFiles/TheBox_V3_0.dir/modbus_rtu/modbus_rtu.c.obj
                0x08006fa4                delay_us
 .text.HAL_UARTEx_RxEventCallback
                0x08006fc4       0x48 CMakeFiles/TheBox_V3_0.dir/modbus_rtu/modbus_rtu.c.obj
                0x08006fc4                HAL_UARTEx_RxEventCallback
 .text.HAL_UART_ErrorCallback
                0x0800700c       0x40 CMakeFiles/TheBox_V3_0.dir/modbus_rtu/modbus_rtu.c.obj
                0x0800700c                HAL_UART_ErrorCallback
 .text.Modbus_Master_SendReceive
                0x0800704c       0xc4 CMakeFiles/TheBox_V3_0.dir/modbus_rtu/modbus_rtu.c.obj
                0x0800704c                Modbus_Master_SendReceive
 .text.Modbus_CMD50_ReadBytes
                0x08007110       0x8c CMakeFiles/TheBox_V3_0.dir/modbus_rtu/modbus_rtu.c.obj
                0x08007110                Modbus_CMD50_ReadBytes
 .text.Modbus_CMD51_WriteBytes
                0x0800719c       0x60 CMakeFiles/TheBox_V3_0.dir/modbus_rtu/modbus_rtu.c.obj
                0x0800719c                Modbus_CMD51_WriteBytes
 .text.Modbus_CMD60_TriggerMeasurement
                0x080071fc       0x40 CMakeFiles/TheBox_V3_0.dir/modbus_rtu/modbus_rtu.c.obj
                0x080071fc                Modbus_CMD60_TriggerMeasurement
 .text.Modbus_CMD61_BroadcastReportUID
                0x0800723c      0x180 CMakeFiles/TheBox_V3_0.dir/modbus_rtu/modbus_rtu.c.obj
                0x0800723c                Modbus_CMD61_BroadcastReportUID
 .text.Modbus_CMD62_BroadcastSetSlaveID
                0x080073bc       0x60 CMakeFiles/TheBox_V3_0.dir/modbus_rtu/modbus_rtu.c.obj
                0x080073bc                Modbus_CMD62_BroadcastSetSlaveID
 .text.Get_MagSensors_Plugged
                0x0800741c      0x13c CMakeFiles/TheBox_V3_0.dir/modbus_rtu/mag_sensor.c.obj
                0x0800741c                Get_MagSensors_Plugged
 .text.Get_MagSensor_Config
                0x08007558       0x18 CMakeFiles/TheBox_V3_0.dir/modbus_rtu/mag_sensor.c.obj
                0x08007558                Get_MagSensor_Config
 .text.Set_MagSensor_Config
                0x08007570       0x30 CMakeFiles/TheBox_V3_0.dir/modbus_rtu/mag_sensor.c.obj
                0x08007570                Set_MagSensor_Config
 .text.Get_MagSensors_Data
                0x080075a0       0x68 CMakeFiles/TheBox_V3_0.dir/modbus_rtu/mag_sensor.c.obj
                0x080075a0                Get_MagSensors_Data
 .text.Check_MagSensors_SlaveID
                0x08007608       0xe8 CMakeFiles/TheBox_V3_0.dir/modbus_rtu/mag_sensor.c.obj
                0x08007608                Check_MagSensors_SlaveID
 .text.Update_TimeStamp
                0x080076f0       0x50 CMakeFiles/TheBox_V3_0.dir/modbus_rtu/mag_sensor.c.obj
                0x080076f0                Update_TimeStamp
 .text.PC_TRANS_Assemble
                0x08007740      0x100 CMakeFiles/TheBox_V3_0.dir/modbus_rtu/mag_sensor.c.obj
                0x08007740                PC_TRANS_Assemble
 .text.IMU_SPI_WriteReg
                0x08007840       0x60 CMakeFiles/TheBox_V3_0.dir/ICM42688P/ICM42688P.c.obj
                0x08007840                IMU_SPI_WriteReg
 .text.ICM42688_Init
                0x080078a0      0x108 CMakeFiles/TheBox_V3_0.dir/ICM42688P/ICM42688P.c.obj
                0x080078a0                ICM42688_Init
 .text.usb_comm_init
                0x080079a8       0x20 CMakeFiles/TheBox_V3_0.dir/usb_comm/usb_comm.c.obj
                0x080079a8                usb_comm_init
 .text.usb_comm_parse_command
                0x080079c8       0xa8 CMakeFiles/TheBox_V3_0.dir/usb_comm/usb_comm.c.obj
                0x080079c8                usb_comm_parse_command
 .text.usb_comm_receive_handler
                0x08007a70       0x40 CMakeFiles/TheBox_V3_0.dir/usb_comm/usb_comm.c.obj
                0x08007a70                usb_comm_receive_handler
 .text.calloc   0x08007ab0       0x10 C:/ST/STM32CubeCLT_1.17.0/GNU-tools-for-STM32/13.3.1+st.9/bin/../lib/gcc/arm-none-eabi/13.3.1/../../../../arm-none-eabi/lib/thumb/v7e-m+fp/hard\libg_nano.a(libc_a-calloc.o)
                0x08007ab0                calloc
 .text._calloc_r
                0x08007ac0       0x28 C:/ST/STM32CubeCLT_1.17.0/GNU-tools-for-STM32/13.3.1+st.9/bin/../lib/gcc/arm-none-eabi/13.3.1/../../../../arm-none-eabi/lib/thumb/v7e-m+fp/hard\libg_nano.a(libc_a-callocr.o)
                0x08007ac0                _calloc_r
 .text.malloc   0x08007ae8       0x10 C:/ST/STM32CubeCLT_1.17.0/GNU-tools-for-STM32/13.3.1+st.9/bin/../lib/gcc/arm-none-eabi/13.3.1/../../../../arm-none-eabi/lib/thumb/v7e-m+fp/hard\libg_nano.a(libc_a-malloc.o)
                0x08007ae8                malloc
 .text.free     0x08007af8       0x10 C:/ST/STM32CubeCLT_1.17.0/GNU-tools-for-STM32/13.3.1+st.9/bin/../lib/gcc/arm-none-eabi/13.3.1/../../../../arm-none-eabi/lib/thumb/v7e-m+fp/hard\libg_nano.a(libc_a-malloc.o)
                0x08007af8                free
 .text.memcmp   0x08007b08       0x20 C:/ST/STM32CubeCLT_1.17.0/GNU-tools-for-STM32/13.3.1+st.9/bin/../lib/gcc/arm-none-eabi/13.3.1/../../../../arm-none-eabi/lib/thumb/v7e-m+fp/hard\libg_nano.a(libc_a-memcmp.o)
                0x08007b08                memcmp
 .text.__errno  0x08007b28        0xc C:/ST/STM32CubeCLT_1.17.0/GNU-tools-for-STM32/13.3.1+st.9/bin/../lib/gcc/arm-none-eabi/13.3.1/../../../../arm-none-eabi/lib/thumb/v7e-m+fp/hard\libg_nano.a(libc_a-errno.o)
                0x08007b28                __errno
 .text.memcpy   0x08007b34       0x1c C:/ST/STM32CubeCLT_1.17.0/GNU-tools-for-STM32/13.3.1+st.9/bin/../lib/gcc/arm-none-eabi/13.3.1/../../../../arm-none-eabi/lib/thumb/v7e-m+fp/hard\libg_nano.a(libc_a-memcpy-stub.o)
                0x08007b34                memcpy
 *(.glue_7)
 .glue_7        0x08007b50        0x0 linker stubs
 *(.glue_7t)
 .glue_7t       0x08007b50        0x0 linker stubs
 *(.eh_frame)
 .eh_frame      0x08007b50        0x0 C:/ST/STM32CubeCLT_1.17.0/GNU-tools-for-STM32/13.3.1+st.9/bin/../lib/gcc/arm-none-eabi/13.3.1/thumb/v7e-m+fp/hard/crtbegin.o
 *(.init)
 .init          0x08007b50        0x4 C:/ST/STM32CubeCLT_1.17.0/GNU-tools-for-STM32/13.3.1+st.9/bin/../lib/gcc/arm-none-eabi/13.3.1/thumb/v7e-m+fp/hard/crti.o
                0x08007b50                _init
 .init          0x08007b54        0x8 C:/ST/STM32CubeCLT_1.17.0/GNU-tools-for-STM32/13.3.1+st.9/bin/../lib/gcc/arm-none-eabi/13.3.1/thumb/v7e-m+fp/hard/crtn.o
 *(.fini)
 .fini          0x08007b5c        0x4 C:/ST/STM32CubeCLT_1.17.0/GNU-tools-for-STM32/13.3.1+st.9/bin/../lib/gcc/arm-none-eabi/13.3.1/thumb/v7e-m+fp/hard/crti.o
                0x08007b5c                _fini
 .fini          0x08007b60        0x8 C:/ST/STM32CubeCLT_1.17.0/GNU-tools-for-STM32/13.3.1+st.9/bin/../lib/gcc/arm-none-eabi/13.3.1/thumb/v7e-m+fp/hard/crtn.o
                0x08007b68                        . = ALIGN (0x4)
                0x08007b68                        _etext = .

.vfp11_veneer   0x08007b68        0x0
 .vfp11_veneer  0x08007b68        0x0 linker stubs

.v4_bx          0x08007b68        0x0
 .v4_bx         0x08007b68        0x0 linker stubs

.iplt           0x08007b68        0x0
 .iplt          0x08007b68        0x0 C:/ST/STM32CubeCLT_1.17.0/GNU-tools-for-STM32/13.3.1+st.9/bin/../lib/gcc/arm-none-eabi/13.3.1/thumb/v7e-m+fp/hard/crtbegin.o

.rodata         0x08007b68       0x50
                0x08007b68                        . = ALIGN (0x4)
 *(.rodata)
 *(.rodata*)
 .rodata.APBPrescTable
                0x08007b68        0x8 cmake/stm32cubemx/CMakeFiles/STM32_Drivers.dir/__/__/Core/Src/system_stm32f7xx.c.obj
                0x08007b68                APBPrescTable
 .rodata.AHBPrescTable
                0x08007b70       0x10 cmake/stm32cubemx/CMakeFiles/STM32_Drivers.dir/__/__/Core/Src/system_stm32f7xx.c.obj
                0x08007b70                AHBPrescTable
 .rodata.flagBitshiftOffset.0
                0x08007b80        0x8 cmake/stm32cubemx/CMakeFiles/STM32_Drivers.dir/__/__/Drivers/STM32F7xx_HAL_Driver/Src/stm32f7xx_hal_dma.c.obj
 .rodata.USBD_HS_ManufacturerStrDescriptor.str1.4
                0x08007b88       0x2e CMakeFiles/TheBox_V3_0.dir/USB_DEVICE/App/usbd_desc.c.obj
                                  0x7 (size before relaxing)
 .rodata.USBD_HS_ProductStrDescriptor.str1.4
                0x08007bb6        0x0 CMakeFiles/TheBox_V3_0.dir/USB_DEVICE/App/usbd_desc.c.obj
                                  0xc (size before relaxing)
 .rodata.USBD_HS_ConfigStrDescriptor.str1.4
                0x08007bb6        0x0 CMakeFiles/TheBox_V3_0.dir/USB_DEVICE/App/usbd_desc.c.obj
                                  0xb (size before relaxing)
 .rodata.USBD_HS_InterfaceStrDescriptor.str1.4
                0x08007bb6        0x0 CMakeFiles/TheBox_V3_0.dir/USB_DEVICE/App/usbd_desc.c.obj
                                  0xe (size before relaxing)
                0x08007bb8                        . = ALIGN (0x4)
 *fill*         0x08007bb6        0x2 

.ARM.extab      0x08007bb8        0x0
                0x08007bb8                        . = ALIGN (0x4)
 *(.ARM.extab* .gnu.linkonce.armextab.*)
                0x08007bb8                        . = ALIGN (0x4)

.ARM            0x08007bb8        0x8
                0x08007bb8                        . = ALIGN (0x4)
                0x08007bb8                        __exidx_start = .
 *(.ARM.exidx*)
 .ARM.exidx     0x08007bb8        0x8 C:/ST/STM32CubeCLT_1.17.0/GNU-tools-for-STM32/13.3.1+st.9/bin/../lib/gcc/arm-none-eabi/13.3.1/thumb/v7e-m+fp/hard\libgcc.a(_udivmoddi4.o)
 .ARM.exidx     0x08007bc0        0x0 C:/ST/STM32CubeCLT_1.17.0/GNU-tools-for-STM32/13.3.1+st.9/bin/../lib/gcc/arm-none-eabi/13.3.1/../../../../arm-none-eabi/lib/thumb/v7e-m+fp/hard\libg_nano.a(libc_a-strlen.o)
                                  0x8 (size before relaxing)
                0x08007bc0                        __exidx_end = .
                0x08007bc0                        . = ALIGN (0x4)

.preinit_array  0x08007bc0        0x0
                0x08007bc0                        . = ALIGN (0x4)
                0x08007bc0                        PROVIDE (__preinit_array_start = .)
 *(.preinit_array*)
                0x08007bc0                        PROVIDE (__preinit_array_end = .)
                0x08007bc0                        . = ALIGN (0x4)

.init_array     0x08007bc0        0x4
                0x08007bc0                        . = ALIGN (0x4)
                0x08007bc0                        PROVIDE (__init_array_start = .)
 *(SORT_BY_NAME(.init_array.*))
 *(.init_array*)
 .init_array    0x08007bc0        0x4 C:/ST/STM32CubeCLT_1.17.0/GNU-tools-for-STM32/13.3.1+st.9/bin/../lib/gcc/arm-none-eabi/13.3.1/thumb/v7e-m+fp/hard/crtbegin.o
                0x08007bc4                        PROVIDE (__init_array_end = .)
                0x08007bc4                        . = ALIGN (0x4)

.fini_array     0x08007bc4        0x4
                0x08007bc4                        . = ALIGN (0x4)
                [!provide]                        PROVIDE (__fini_array_start = .)
 *(SORT_BY_NAME(.fini_array.*))
 *(.fini_array*)
 .fini_array    0x08007bc4        0x4 C:/ST/STM32CubeCLT_1.17.0/GNU-tools-for-STM32/13.3.1+st.9/bin/../lib/gcc/arm-none-eabi/13.3.1/thumb/v7e-m+fp/hard/crtbegin.o
                [!provide]                        PROVIDE (__fini_array_end = .)
                0x08007bc8                        . = ALIGN (0x4)
                0x08007bc8                        _sidata = LOADADDR (.data)

.rel.dyn        0x08007bc8        0x0
 .rel.iplt      0x08007bc8        0x0 C:/ST/STM32CubeCLT_1.17.0/GNU-tools-for-STM32/13.3.1+st.9/bin/../lib/gcc/arm-none-eabi/13.3.1/thumb/v7e-m+fp/hard/crtbegin.o

.data           0x20000000      0x15c load address 0x08007bc8
                0x20000000                        . = ALIGN (0x4)
                0x20000000                        _sdata = .
 *(.data)
 *(.data*)
 .data._impure_ptr
                0x20000000        0x4 C:/ST/STM32CubeCLT_1.17.0/GNU-tools-for-STM32/13.3.1+st.9/bin/../lib/gcc/arm-none-eabi/13.3.1/../../../../arm-none-eabi/lib/thumb/v7e-m+fp/hard\libc_nano.a(libc_a-impure.o)
                0x20000000                _impure_ptr
 .data._impure_data
                0x20000004       0x4c C:/ST/STM32CubeCLT_1.17.0/GNU-tools-for-STM32/13.3.1+st.9/bin/../lib/gcc/arm-none-eabi/13.3.1/../../../../arm-none-eabi/lib/thumb/v7e-m+fp/hard\libc_nano.a(libc_a-impure.o)
                0x20000004                _impure_data
 .data.SystemCoreClock
                0x20000050        0x4 cmake/stm32cubemx/CMakeFiles/STM32_Drivers.dir/__/__/Core/Src/system_stm32f7xx.c.obj
                0x20000050                SystemCoreClock
 .data.uwTickFreq
                0x20000054        0x1 cmake/stm32cubemx/CMakeFiles/STM32_Drivers.dir/__/__/Drivers/STM32F7xx_HAL_Driver/Src/stm32f7xx_hal.c.obj
                0x20000054                uwTickFreq
 *fill*         0x20000055        0x3 
 .data.uwTickPrio
                0x20000058        0x4 cmake/stm32cubemx/CMakeFiles/STM32_Drivers.dir/__/__/Drivers/STM32F7xx_HAL_Driver/Src/stm32f7xx_hal.c.obj
                0x20000058                uwTickPrio
 .data.USBD_CDC_CfgDesc
                0x2000005c       0x43 cmake/stm32cubemx/CMakeFiles/USB_Device_Library.dir/__/__/Middlewares/ST/STM32_USB_Device_Library/Class/CDC/Src/usbd_cdc.c.obj
 *fill*         0x2000009f        0x1 
 .data.USBD_CDC
                0x200000a0       0x38 cmake/stm32cubemx/CMakeFiles/USB_Device_Library.dir/__/__/Middlewares/ST/STM32_USB_Device_Library/Class/CDC/Src/usbd_cdc.c.obj
                0x200000a0                USBD_CDC
 .data.USBD_CDC_DeviceQualifierDesc
                0x200000d8        0xa cmake/stm32cubemx/CMakeFiles/USB_Device_Library.dir/__/__/Middlewares/ST/STM32_USB_Device_Library/Class/CDC/Src/usbd_cdc.c.obj
 *fill*         0x200000e2        0x2 
 .data.USBD_StringSerial
                0x200000e4       0x1a CMakeFiles/TheBox_V3_0.dir/USB_DEVICE/App/usbd_desc.c.obj
                0x200000e4                USBD_StringSerial
 *fill*         0x200000fe        0x2 
 .data.USBD_LangIDDesc
                0x20000100        0x4 CMakeFiles/TheBox_V3_0.dir/USB_DEVICE/App/usbd_desc.c.obj
                0x20000100                USBD_LangIDDesc
 .data.USBD_HS_BOSDesc
                0x20000104        0xc CMakeFiles/TheBox_V3_0.dir/USB_DEVICE/App/usbd_desc.c.obj
                0x20000104                USBD_HS_BOSDesc
 .data.USBD_HS_DeviceDesc
                0x20000110       0x12 CMakeFiles/TheBox_V3_0.dir/USB_DEVICE/App/usbd_desc.c.obj
                0x20000110                USBD_HS_DeviceDesc
 *fill*         0x20000122        0x2 
 .data.HS_Desc  0x20000124       0x20 CMakeFiles/TheBox_V3_0.dir/USB_DEVICE/App/usbd_desc.c.obj
                0x20000124                HS_Desc
 .data.USBD_Interface_fops_HS
                0x20000144       0x14 CMakeFiles/TheBox_V3_0.dir/USB_DEVICE/App/usbd_cdc_if.c.obj
                0x20000144                USBD_Interface_fops_HS
 .data.usb_get_sensor_data_flag
                0x20000158        0x1 CMakeFiles/TheBox_V3_0.dir/Core/Src/main.c.obj
                0x20000158                usb_get_sensor_data_flag
 *(.RamFunc)
 *(.RamFunc*)
                0x2000015c                        . = ALIGN (0x4)
 *fill*         0x20000159        0x3 
                0x2000015c                        _edata = .

.igot.plt       0x2000015c        0x0 load address 0x08007d24
 .igot.plt      0x2000015c        0x0 C:/ST/STM32CubeCLT_1.17.0/GNU-tools-for-STM32/13.3.1+st.9/bin/../lib/gcc/arm-none-eabi/13.3.1/thumb/v7e-m+fp/hard/crtbegin.o
                0x2000015c                        . = ALIGN (0x4)

.bss            0x20000160    0x12020 load address 0x08007d24
                0x20000160                        _sbss = .
                0x20000160                        __bss_start__ = _sbss
 *(.bss)
 .bss           0x20000160       0x1c C:/ST/STM32CubeCLT_1.17.0/GNU-tools-for-STM32/13.3.1+st.9/bin/../lib/gcc/arm-none-eabi/13.3.1/thumb/v7e-m+fp/hard/crtbegin.o
 *(.bss*)
 .bss.__sf      0x2000017c      0x138 C:/ST/STM32CubeCLT_1.17.0/GNU-tools-for-STM32/13.3.1+st.9/bin/../lib/gcc/arm-none-eabi/13.3.1/../../../../arm-none-eabi/lib/thumb/v7e-m+fp/hard\libc_nano.a(libc_a-findfp.o)
                0x2000017c                __sf
 .bss.errno     0x200002b4        0x4 C:/ST/STM32CubeCLT_1.17.0/GNU-tools-for-STM32/13.3.1+st.9/bin/../lib/gcc/arm-none-eabi/13.3.1/../../../../arm-none-eabi/lib/thumb/v7e-m+fp/hard\libc_nano.a(libc_a-reent.o)
                0x200002b4                errno
 .bss.__lock___malloc_recursive_mutex
                0x200002b8        0x1 C:/ST/STM32CubeCLT_1.17.0/GNU-tools-for-STM32/13.3.1+st.9/bin/../lib/gcc/arm-none-eabi/13.3.1/../../../../arm-none-eabi/lib/thumb/v7e-m+fp/hard\libc_nano.a(libc_a-lock.o)
                0x200002b8                __lock___malloc_recursive_mutex
 *fill*         0x200002b9        0x3 
 .bss.__malloc_sbrk_start
                0x200002bc        0x4 C:/ST/STM32CubeCLT_1.17.0/GNU-tools-for-STM32/13.3.1+st.9/bin/../lib/gcc/arm-none-eabi/13.3.1/../../../../arm-none-eabi/lib/thumb/v7e-m+fp/hard\libc_nano.a(libc_a-mallocr.o)
                0x200002bc                __malloc_sbrk_start
 .bss.__malloc_free_list
                0x200002c0        0x4 C:/ST/STM32CubeCLT_1.17.0/GNU-tools-for-STM32/13.3.1+st.9/bin/../lib/gcc/arm-none-eabi/13.3.1/../../../../arm-none-eabi/lib/thumb/v7e-m+fp/hard\libc_nano.a(libc_a-mallocr.o)
                0x200002c0                __malloc_free_list
 .bss.uwTick    0x200002c4        0x4 cmake/stm32cubemx/CMakeFiles/STM32_Drivers.dir/__/__/Drivers/STM32F7xx_HAL_Driver/Src/stm32f7xx_hal.c.obj
                0x200002c4                uwTick
 .bss.cfgidx.0  0x200002c8        0x1 cmake/stm32cubemx/CMakeFiles/USB_Device_Library.dir/__/__/Middlewares/ST/STM32_USB_Device_Library/Core/Src/usbd_ctlreq.c.obj
 *fill*         0x200002c9        0x3 
 .bss.hpcd_USB_OTG_HS
                0x200002cc      0x4e0 CMakeFiles/TheBox_V3_0.dir/USB_DEVICE/Target/usbd_conf.c.obj
                0x200002cc                hpcd_USB_OTG_HS
 .bss.hUsbDeviceHS
                0x200007ac      0x2dc CMakeFiles/TheBox_V3_0.dir/USB_DEVICE/App/usb_device.c.obj
                0x200007ac                hUsbDeviceHS
 .bss.USBD_StrDesc
                0x20000a88      0x200 CMakeFiles/TheBox_V3_0.dir/USB_DEVICE/App/usbd_desc.c.obj
                0x20000a88                USBD_StrDesc
 .bss.host_port_open
                0x20000c88        0x4 CMakeFiles/TheBox_V3_0.dir/USB_DEVICE/App/usbd_cdc_if.c.obj
                0x20000c88                host_port_open
 .bss.UserTxBufferHS
                0x20000c8c      0x800 CMakeFiles/TheBox_V3_0.dir/USB_DEVICE/App/usbd_cdc_if.c.obj
                0x20000c8c                UserTxBufferHS
 .bss.UserRxBufferHS
                0x2000148c      0x800 CMakeFiles/TheBox_V3_0.dir/USB_DEVICE/App/usbd_cdc_if.c.obj
                0x2000148c                UserRxBufferHS
 .bss.led_cnt.0
                0x20001c8c        0x2 CMakeFiles/TheBox_V3_0.dir/Core/Src/main.c.obj
 *fill*         0x20001c8e        0x2 
 .bss.usb_to_485_buf
                0x20001c90      0x100 CMakeFiles/TheBox_V3_0.dir/Core/Src/main.c.obj
                0x20001c90                usb_to_485_buf
 .bss.usb_get_sensor_cfg_flag
                0x20001d90        0x1 CMakeFiles/TheBox_V3_0.dir/Core/Src/main.c.obj
                0x20001d90                usb_get_sensor_cfg_flag
 .bss.usb_set_sensor_cfg_flag
                0x20001d91        0x1 CMakeFiles/TheBox_V3_0.dir/Core/Src/main.c.obj
                0x20001d91                usb_set_sensor_cfg_flag
 *fill*         0x20001d92        0x2 
 .bss.hdma_uart4_tx
                0x20001d94       0x60 CMakeFiles/TheBox_V3_0.dir/Core/Src/main.c.obj
                0x20001d94                hdma_uart4_tx
 .bss.hdma_uart4_rx
                0x20001df4       0x60 CMakeFiles/TheBox_V3_0.dir/Core/Src/main.c.obj
                0x20001df4                hdma_uart4_rx
 .bss.huart4    0x20001e54       0x88 CMakeFiles/TheBox_V3_0.dir/Core/Src/main.c.obj
                0x20001e54                huart4
 .bss.htim4     0x20001edc       0x4c CMakeFiles/TheBox_V3_0.dir/Core/Src/main.c.obj
                0x20001edc                htim4
 .bss.htim2     0x20001f28       0x4c CMakeFiles/TheBox_V3_0.dir/Core/Src/main.c.obj
                0x20001f28                htim2
 .bss.hspi3     0x20001f74       0x64 CMakeFiles/TheBox_V3_0.dir/Core/Src/main.c.obj
                0x20001f74                hspi3
 .bss.hcrc      0x20001fd8       0x24 CMakeFiles/TheBox_V3_0.dir/Core/Src/main.c.obj
                0x20001fd8                hcrc
 .bss.__sbrk_heap_end
                0x20001ffc        0x4 CMakeFiles/TheBox_V3_0.dir/Core/Src/sysmem.c.obj
 .bss.RS485_RX_flag
                0x20002000        0x4 CMakeFiles/TheBox_V3_0.dir/modbus_rtu/modbus_rtu.c.obj
                0x20002000                RS485_RX_flag
 .bss.rxFrame   0x20002004      0x100 CMakeFiles/TheBox_V3_0.dir/modbus_rtu/modbus_rtu.c.obj
                0x20002004                rxFrame
 .bss.txFrame   0x20002104      0x100 CMakeFiles/TheBox_V3_0.dir/modbus_rtu/modbus_rtu.c.obj
                0x20002104                txFrame
 .bss.sensor_UID
                0x20002204      0x3d8 CMakeFiles/TheBox_V3_0.dir/modbus_rtu/modbus_rtu.c.obj
                0x20002204                sensor_UID
 .bss.sensor_0xF7_cnt
                0x200025dc        0x2 CMakeFiles/TheBox_V3_0.dir/modbus_rtu/modbus_rtu.c.obj
                0x200025dc                sensor_0xF7_cnt
 .bss.rx_size   0x200025de        0x2 CMakeFiles/TheBox_V3_0.dir/modbus_rtu/modbus_rtu.c.obj
                0x200025de                rx_size
 .bss.tx_buf    0x200025e0      0x100 CMakeFiles/TheBox_V3_0.dir/modbus_rtu/modbus_rtu.c.obj
                0x200025e0                tx_buf
 .bss.rx_buf    0x200026e0      0x100 CMakeFiles/TheBox_V3_0.dir/modbus_rtu/modbus_rtu.c.obj
                0x200026e0                rx_buf
 .bss.PC_Trans_Buff
                0x200027e0      0x400 CMakeFiles/TheBox_V3_0.dir/modbus_rtu/mag_sensor.c.obj
                0x200027e0                PC_Trans_Buff
 .bss.sensor_err_pkg_cnt
                0x20002be0        0x4 CMakeFiles/TheBox_V3_0.dir/modbus_rtu/mag_sensor.c.obj
                0x20002be0                sensor_err_pkg_cnt
 .bss.sensor_pkg_cnt
                0x20002be4        0x4 CMakeFiles/TheBox_V3_0.dir/modbus_rtu/mag_sensor.c.obj
                0x20002be4                sensor_pkg_cnt
 .bss.slaveID_map
                0x20002be8       0x20 CMakeFiles/TheBox_V3_0.dir/modbus_rtu/mag_sensor.c.obj
                0x20002be8                slaveID_map
 .bss.slaveID_tba
                0x20002c08        0x1 CMakeFiles/TheBox_V3_0.dir/modbus_rtu/mag_sensor.c.obj
                0x20002c08                slaveID_tba
 .bss.sensor_num
                0x20002c09        0x1 CMakeFiles/TheBox_V3_0.dir/modbus_rtu/mag_sensor.c.obj
                0x20002c09                sensor_num
 *fill*         0x20002c0a        0x2 
 .bss.TIM2_time_s
                0x20002c0c        0x4 CMakeFiles/TheBox_V3_0.dir/modbus_rtu/mag_sensor.c.obj
                0x20002c0c                TIM2_time_s
 .bss.mcu_timestamp
                0x20002c10        0x8 CMakeFiles/TheBox_V3_0.dir/modbus_rtu/mag_sensor.c.obj
                0x20002c10                mcu_timestamp
 .bss.mag_sensor
                0x20002c18     0xf50a CMakeFiles/TheBox_V3_0.dir/modbus_rtu/mag_sensor.c.obj
                0x20002c18                mag_sensor
 *fill*         0x20012122        0x2 
 .bss.Accel_Scale_Factor
                0x20012124        0x4 CMakeFiles/TheBox_V3_0.dir/ICM42688P/ICM42688P.c.obj
                0x20012124                Accel_Scale_Factor
 .bss.Gyro_Scale_Factor
                0x20012128        0x4 CMakeFiles/TheBox_V3_0.dir/ICM42688P/ICM42688P.c.obj
                0x20012128                Gyro_Scale_Factor
 .bss.registered_callback_cnt
                0x2001212c        0x4 CMakeFiles/TheBox_V3_0.dir/usb_comm/usb_comm.c.obj
 .bss.recv_callbacks
                0x20012130       0x50 CMakeFiles/TheBox_V3_0.dir/usb_comm/usb_comm.c.obj
 *(COMMON)
                0x20012180                        . = ALIGN (0x4)
                0x20012180                        _ebss = .
                0x20012180                        __bss_end__ = _ebss

._user_heap_stack
                0x20012180     0x6000 load address 0x08007d24
                0x20012180                        . = ALIGN (0x8)
                [!provide]                        PROVIDE (end = .)
                0x20012180                        PROVIDE (_end = .)
                0x20014180                        . = (. + _Min_Heap_Size)
 *fill*         0x20012180     0x2000 
                0x20018180                        . = (. + _Min_Stack_Size)
 *fill*         0x20014180     0x4000 
                0x20018180                        . = ALIGN (0x8)

/DISCARD/
 libc.a(*)
 libm.a(*)
 libgcc.a(*)
OUTPUT(TheBox_V3_0.elf elf32-littlearm)
LOAD linker stubs
LOAD C:/ST/STM32CubeCLT_1.17.0/GNU-tools-for-STM32/13.3.1+st.9/bin/../lib/gcc/arm-none-eabi/13.3.1/../../../../arm-none-eabi/lib/thumb/v7e-m+fp/hard\libc.a
LOAD C:/ST/STM32CubeCLT_1.17.0/GNU-tools-for-STM32/13.3.1+st.9/bin/../lib/gcc/arm-none-eabi/13.3.1/../../../../arm-none-eabi/lib/thumb/v7e-m+fp/hard\libm.a
LOAD C:/ST/STM32CubeCLT_1.17.0/GNU-tools-for-STM32/13.3.1+st.9/bin/../lib/gcc/arm-none-eabi/13.3.1/thumb/v7e-m+fp/hard\libgcc.a

.ARM.attributes
                0x00000000       0x30
 .ARM.attributes
                0x00000000       0x22 C:/ST/STM32CubeCLT_1.17.0/GNU-tools-for-STM32/13.3.1+st.9/bin/../lib/gcc/arm-none-eabi/13.3.1/thumb/v7e-m+fp/hard/crti.o
 .ARM.attributes
                0x00000022       0x34 C:/ST/STM32CubeCLT_1.17.0/GNU-tools-for-STM32/13.3.1+st.9/bin/../lib/gcc/arm-none-eabi/13.3.1/thumb/v7e-m+fp/hard/crtbegin.o
 .ARM.attributes
                0x00000056       0x34 C:/ST/STM32CubeCLT_1.17.0/GNU-tools-for-STM32/13.3.1+st.9/bin/../lib/gcc/arm-none-eabi/13.3.1/../../../../arm-none-eabi/lib/thumb/v7e-m+fp/hard\libc_nano.a(libc_a-findfp.o)
 .ARM.attributes
                0x0000008a       0x34 C:/ST/STM32CubeCLT_1.17.0/GNU-tools-for-STM32/13.3.1+st.9/bin/../lib/gcc/arm-none-eabi/13.3.1/../../../../arm-none-eabi/lib/thumb/v7e-m+fp/hard\libc_nano.a(libc_a-memset.o)
 .ARM.attributes
                0x000000be       0x34 C:/ST/STM32CubeCLT_1.17.0/GNU-tools-for-STM32/13.3.1+st.9/bin/../lib/gcc/arm-none-eabi/13.3.1/../../../../arm-none-eabi/lib/thumb/v7e-m+fp/hard\libc_nano.a(libc_a-reent.o)
 .ARM.attributes
                0x000000f2       0x34 C:/ST/STM32CubeCLT_1.17.0/GNU-tools-for-STM32/13.3.1+st.9/bin/../lib/gcc/arm-none-eabi/13.3.1/../../../../arm-none-eabi/lib/thumb/v7e-m+fp/hard\libc_nano.a(libc_a-impure.o)
 .ARM.attributes
                0x00000126       0x34 C:/ST/STM32CubeCLT_1.17.0/GNU-tools-for-STM32/13.3.1+st.9/bin/../lib/gcc/arm-none-eabi/13.3.1/../../../../arm-none-eabi/lib/thumb/v7e-m+fp/hard\libc_nano.a(libc_a-init.o)
 .ARM.attributes